Archive member included because of file (symbol)

d:/embadedd system 2/03-sdk/winavr/bin/../lib/gcc/avr/4.3.3/avr5\libgcc.a(_udivmodhi4.o)
                              ./MCAL_DRIVERS/TIMER_PRG.o (__udivmodhi4)
d:/embadedd system 2/03-sdk/winavr/bin/../lib/gcc/avr/4.3.3/avr5\libgcc.a(_exit.o)
                              d:/embadedd system 2/03-sdk/winavr/bin/../lib/gcc/avr/4.3.3/../../../../avr/lib/avr5/crtm32.o (exit)
d:/embadedd system 2/03-sdk/winavr/bin/../lib/gcc/avr/4.3.3/avr5\libgcc.a(_clear_bss.o)
                              ./MCAL_DRIVERS/TIMER_PRG.o (__do_clear_bss)
d:/embadedd system 2/03-sdk/winavr/bin/../lib/gcc/avr/4.3.3/avr5\libgcc.a(_ashldi3.o)
                              ./MCAL_DRIVERS/TIMER_PRG.o (__ashldi3)
d:/embadedd system 2/03-sdk/winavr/bin/../lib/gcc/avr/4.3.3/avr5\libgcc.a(_fixunssfsi.o)
                              ./MCAL_DRIVERS/TIMER_PRG.o (__fixunssfsi)
d:/embadedd system 2/03-sdk/winavr/bin/../lib/gcc/avr/4.3.3/avr5\libgcc.a(_floatundisf.o)
                              ./MCAL_DRIVERS/TIMER_PRG.o (__floatundisf)
d:/embadedd system 2/03-sdk/winavr/bin/../lib/gcc/avr/4.3.3/avr5\libgcc.a(_addsub_sf.o)
                              ./MCAL_DRIVERS/TIMER_PRG.o (__subsf3)
d:/embadedd system 2/03-sdk/winavr/bin/../lib/gcc/avr/4.3.3/avr5\libgcc.a(_mul_sf.o)
                              ./MCAL_DRIVERS/TIMER_PRG.o (__mulsf3)
d:/embadedd system 2/03-sdk/winavr/bin/../lib/gcc/avr/4.3.3/avr5\libgcc.a(_div_sf.o)
                              ./MCAL_DRIVERS/TIMER_PRG.o (__divsf3)
d:/embadedd system 2/03-sdk/winavr/bin/../lib/gcc/avr/4.3.3/avr5\libgcc.a(_gt_sf.o)
                              ./HAL_DRIVERS/UltraSonic_Prg.o (__gtsf2)
d:/embadedd system 2/03-sdk/winavr/bin/../lib/gcc/avr/4.3.3/avr5\libgcc.a(_ge_sf.o)
                              d:/embadedd system 2/03-sdk/winavr/bin/../lib/gcc/avr/4.3.3/avr5\libgcc.a(_fixunssfsi.o) (__gesf2)
d:/embadedd system 2/03-sdk/winavr/bin/../lib/gcc/avr/4.3.3/avr5\libgcc.a(_lt_sf.o)
                              ./MCAL_DRIVERS/TIMER_PRG.o (__ltsf2)
d:/embadedd system 2/03-sdk/winavr/bin/../lib/gcc/avr/4.3.3/avr5\libgcc.a(_si_to_sf.o)
                              d:/embadedd system 2/03-sdk/winavr/bin/../lib/gcc/avr/4.3.3/avr5\libgcc.a(_floatundisf.o) (__floatsisf)
d:/embadedd system 2/03-sdk/winavr/bin/../lib/gcc/avr/4.3.3/avr5\libgcc.a(_sf_to_si.o)
                              d:/embadedd system 2/03-sdk/winavr/bin/../lib/gcc/avr/4.3.3/avr5\libgcc.a(_fixunssfsi.o) (__fixsfsi)
d:/embadedd system 2/03-sdk/winavr/bin/../lib/gcc/avr/4.3.3/avr5\libgcc.a(_thenan_sf.o)
                              d:/embadedd system 2/03-sdk/winavr/bin/../lib/gcc/avr/4.3.3/avr5\libgcc.a(_addsub_sf.o) (__thenan_sf)
d:/embadedd system 2/03-sdk/winavr/bin/../lib/gcc/avr/4.3.3/avr5\libgcc.a(_usi_to_sf.o)
                              ./MCAL_DRIVERS/TIMER_PRG.o (__floatunsisf)
d:/embadedd system 2/03-sdk/winavr/bin/../lib/gcc/avr/4.3.3/avr5\libgcc.a(_prologue.o)
                              d:/embadedd system 2/03-sdk/winavr/bin/../lib/gcc/avr/4.3.3/avr5\libgcc.a(_floatundisf.o) (__prologue_saves__)
d:/embadedd system 2/03-sdk/winavr/bin/../lib/gcc/avr/4.3.3/avr5\libgcc.a(_epilogue.o)
                              d:/embadedd system 2/03-sdk/winavr/bin/../lib/gcc/avr/4.3.3/avr5\libgcc.a(_floatundisf.o) (__epilogue_restores__)
d:/embadedd system 2/03-sdk/winavr/bin/../lib/gcc/avr/4.3.3/avr5\libgcc.a(_copy_data.o)
                              d:/embadedd system 2/03-sdk/winavr/bin/../lib/gcc/avr/4.3.3/avr5\libgcc.a(_thenan_sf.o) (__do_copy_data)
d:/embadedd system 2/03-sdk/winavr/bin/../lib/gcc/avr/4.3.3/avr5\libgcc.a(_lshrdi3.o)
                              d:/embadedd system 2/03-sdk/winavr/bin/../lib/gcc/avr/4.3.3/avr5\libgcc.a(_floatundisf.o) (__lshrdi3)
d:/embadedd system 2/03-sdk/winavr/bin/../lib/gcc/avr/4.3.3/avr5\libgcc.a(_clz.o)
                              d:/embadedd system 2/03-sdk/winavr/bin/../lib/gcc/avr/4.3.3/avr5\libgcc.a(_floatundisf.o) (__clz_tab)
d:/embadedd system 2/03-sdk/winavr/bin/../lib/gcc/avr/4.3.3/avr5\libgcc.a(_clzsi2.o)
                              d:/embadedd system 2/03-sdk/winavr/bin/../lib/gcc/avr/4.3.3/avr5\libgcc.a(_si_to_sf.o) (__clzsi2)
d:/embadedd system 2/03-sdk/winavr/bin/../lib/gcc/avr/4.3.3/avr5\libgcc.a(_pack_sf.o)
                              d:/embadedd system 2/03-sdk/winavr/bin/../lib/gcc/avr/4.3.3/avr5\libgcc.a(_addsub_sf.o) (__pack_f)
d:/embadedd system 2/03-sdk/winavr/bin/../lib/gcc/avr/4.3.3/avr5\libgcc.a(_unpack_sf.o)
                              d:/embadedd system 2/03-sdk/winavr/bin/../lib/gcc/avr/4.3.3/avr5\libgcc.a(_addsub_sf.o) (__unpack_f)
d:/embadedd system 2/03-sdk/winavr/bin/../lib/gcc/avr/4.3.3/avr5\libgcc.a(_fpcmp_parts_sf.o)
                              d:/embadedd system 2/03-sdk/winavr/bin/../lib/gcc/avr/4.3.3/avr5\libgcc.a(_gt_sf.o) (__fpcmp_parts_f)

Memory Configuration

Name             Origin             Length             Attributes
text             0x00000000         0x00020000         xr
data             0x00800060         0x0000ffa0         rw !x
eeprom           0x00810000         0x00010000         rw !x
fuse             0x00820000         0x00000400         rw !x
lock             0x00830000         0x00000400         rw !x
signature        0x00840000         0x00000400         rw !x
*default*        0x00000000         0xffffffff

Linker script and memory map

LOAD d:/embadedd system 2/03-sdk/winavr/bin/../lib/gcc/avr/4.3.3/../../../../avr/lib/avr5/crtm32.o
LOAD ./MCAL_DRIVERS/DIO_prg.o
LOAD ./MCAL_DRIVERS/INTERRUPT_prg.o
LOAD ./MCAL_DRIVERS/TIMER_PRG.o
LOAD ./MCAL_DRIVERS/UART_Prg.o
LOAD ./MCAL_DRIVERS/Watchdog_Prg.o
LOAD ./MCAL_DRIVERS/adc.o
LOAD ./MCAL_DRIVERS/gpio.o
LOAD ./HAL_DRIVERS/BlueTooth_prg.o
LOAD ./HAL_DRIVERS/DCMOTOR_PRG.o
LOAD ./HAL_DRIVERS/LDR.o
LOAD ./HAL_DRIVERS/UltraSonic_Prg.o
LOAD ./APP_DRIVER/MultipleTasksCar_Prg.o
LOAD ./main.o
LOAD d:/embadedd system 2/03-sdk/winavr/bin/../lib/gcc/avr/4.3.3/avr5\libgcc.a
LOAD d:/embadedd system 2/03-sdk/winavr/bin/../lib/gcc/avr/4.3.3/../../../../avr/lib/avr5\libc.a
LOAD d:/embadedd system 2/03-sdk/winavr/bin/../lib/gcc/avr/4.3.3/avr5\libgcc.a

.hash
 *(.hash)

.dynsym
 *(.dynsym)

.dynstr
 *(.dynstr)

.gnu.version
 *(.gnu.version)

.gnu.version_d
 *(.gnu.version_d)

.gnu.version_r
 *(.gnu.version_r)

.rel.init
 *(.rel.init)

.rela.init
 *(.rela.init)

.rel.text
 *(.rel.text)
 *(.rel.text.*)
 *(.rel.gnu.linkonce.t*)

.rela.text
 *(.rela.text)
 *(.rela.text.*)
 *(.rela.gnu.linkonce.t*)

.rel.fini
 *(.rel.fini)

.rela.fini
 *(.rela.fini)

.rel.rodata
 *(.rel.rodata)
 *(.rel.rodata.*)
 *(.rel.gnu.linkonce.r*)

.rela.rodata
 *(.rela.rodata)
 *(.rela.rodata.*)
 *(.rela.gnu.linkonce.r*)

.rel.data
 *(.rel.data)
 *(.rel.data.*)
 *(.rel.gnu.linkonce.d*)

.rela.data
 *(.rela.data)
 *(.rela.data.*)
 *(.rela.gnu.linkonce.d*)

.rel.ctors
 *(.rel.ctors)

.rela.ctors
 *(.rela.ctors)

.rel.dtors
 *(.rel.dtors)

.rela.dtors
 *(.rela.dtors)

.rel.got
 *(.rel.got)

.rela.got
 *(.rela.got)

.rel.bss
 *(.rel.bss)

.rela.bss
 *(.rela.bss)

.rel.plt
 *(.rel.plt)

.rela.plt
 *(.rela.plt)

.text           0x00000000     0x3c32
 *(.vectors)
 .vectors       0x00000000       0x54 d:/embadedd system 2/03-sdk/winavr/bin/../lib/gcc/avr/4.3.3/../../../../avr/lib/avr5/crtm32.o
                0x00000000                __vectors
                0x00000000                __vector_default
 *(.vectors)
 *(.progmem.gcc*)
 *(.progmem*)
                0x00000054                . = ALIGN (0x2)
                0x00000054                __trampolines_start = .
 *(.trampolines)
 .trampolines   0x00000054        0x0 linker stubs
 *(.trampolines*)
                0x00000054                __trampolines_end = .
 *(.jumptables)
 *(.jumptables*)
 *(.lowtext)
 *(.lowtext*)
                0x00000054                __ctors_start = .
 *(.ctors)
                0x00000054                __ctors_end = .
                0x00000054                __dtors_start = .
 *(.dtors)
                0x00000054                __dtors_end = .
 SORT(*)(.ctors)
 SORT(*)(.dtors)
 *(.init0)
 .init0         0x00000054        0x0 d:/embadedd system 2/03-sdk/winavr/bin/../lib/gcc/avr/4.3.3/../../../../avr/lib/avr5/crtm32.o
                0x00000054                __init
 *(.init0)
 *(.init1)
 *(.init1)
 *(.init2)
 .init2         0x00000054        0xc d:/embadedd system 2/03-sdk/winavr/bin/../lib/gcc/avr/4.3.3/../../../../avr/lib/avr5/crtm32.o
 *(.init2)
 *(.init3)
 *(.init3)
 *(.init4)
 .init4         0x00000060       0x10 d:/embadedd system 2/03-sdk/winavr/bin/../lib/gcc/avr/4.3.3/avr5\libgcc.a(_clear_bss.o)
                0x00000060                __do_clear_bss
 .init4         0x00000070       0x16 d:/embadedd system 2/03-sdk/winavr/bin/../lib/gcc/avr/4.3.3/avr5\libgcc.a(_copy_data.o)
                0x00000070                __do_copy_data
 *(.init4)
 *(.init5)
 *(.init5)
 *(.init6)
 *(.init6)
 *(.init7)
 *(.init7)
 *(.init8)
 *(.init8)
 *(.init9)
 .init9         0x00000086        0x8 d:/embadedd system 2/03-sdk/winavr/bin/../lib/gcc/avr/4.3.3/../../../../avr/lib/avr5/crtm32.o
 *(.init9)
 *(.text)
 .text          0x0000008e        0x4 d:/embadedd system 2/03-sdk/winavr/bin/../lib/gcc/avr/4.3.3/../../../../avr/lib/avr5/crtm32.o
                0x0000008e                __vector_1
                0x0000008e                __vector_12
                0x0000008e                __bad_interrupt
                0x0000008e                __vector_3
                0x0000008e                __vector_13
                0x0000008e                __vector_17
                0x0000008e                __vector_19
                0x0000008e                __vector_7
                0x0000008e                __vector_4
                0x0000008e                __vector_2
                0x0000008e                __vector_15
                0x0000008e                __vector_8
                0x0000008e                __vector_14
                0x0000008e                __vector_10
                0x0000008e                __vector_16
                0x0000008e                __vector_18
                0x0000008e                __vector_20
 .text          0x00000092        0x0 ./MCAL_DRIVERS/DIO_prg.o
 .text          0x00000092        0x0 ./MCAL_DRIVERS/INTERRUPT_prg.o
 .text          0x00000092        0x0 ./MCAL_DRIVERS/TIMER_PRG.o
 .text          0x00000092        0x0 ./MCAL_DRIVERS/UART_Prg.o
 .text          0x00000092        0x0 ./MCAL_DRIVERS/Watchdog_Prg.o
 .text          0x00000092        0x0 ./MCAL_DRIVERS/adc.o
 .text          0x00000092        0x0 ./MCAL_DRIVERS/gpio.o
 .text          0x00000092        0x0 ./HAL_DRIVERS/BlueTooth_prg.o
 .text          0x00000092        0x0 ./HAL_DRIVERS/DCMOTOR_PRG.o
 .text          0x00000092        0x0 ./HAL_DRIVERS/LDR.o
 .text          0x00000092        0x0 ./HAL_DRIVERS/UltraSonic_Prg.o
 .text          0x00000092        0x0 ./APP_DRIVER/MultipleTasksCar_Prg.o
 .text          0x00000092        0x0 ./main.o
 .text          0x00000092        0x0 d:/embadedd system 2/03-sdk/winavr/bin/../lib/gcc/avr/4.3.3/avr5\libgcc.a(_udivmodhi4.o)
 .text          0x00000092        0x0 d:/embadedd system 2/03-sdk/winavr/bin/../lib/gcc/avr/4.3.3/avr5\libgcc.a(_exit.o)
 .text          0x00000092        0x0 d:/embadedd system 2/03-sdk/winavr/bin/../lib/gcc/avr/4.3.3/avr5\libgcc.a(_clear_bss.o)
 .text          0x00000092       0xfe d:/embadedd system 2/03-sdk/winavr/bin/../lib/gcc/avr/4.3.3/avr5\libgcc.a(_ashldi3.o)
                0x00000092                __ashldi3
 .text          0x00000190       0x58 d:/embadedd system 2/03-sdk/winavr/bin/../lib/gcc/avr/4.3.3/avr5\libgcc.a(_fixunssfsi.o)
                0x00000190                __fixunssfsi
 .text          0x000001e8      0x1b8 d:/embadedd system 2/03-sdk/winavr/bin/../lib/gcc/avr/4.3.3/avr5\libgcc.a(_floatundisf.o)
                0x000001e8                __floatundisf
 .text          0x000003a0      0x354 d:/embadedd system 2/03-sdk/winavr/bin/../lib/gcc/avr/4.3.3/avr5\libgcc.a(_addsub_sf.o)
                0x00000638                __subsf3
                0x0000069a                __addsf3
 .text          0x000006f4      0x1f4 d:/embadedd system 2/03-sdk/winavr/bin/../lib/gcc/avr/4.3.3/avr5\libgcc.a(_mul_sf.o)
                0x000006f4                __mulsf3
 .text          0x000008e8      0x158 d:/embadedd system 2/03-sdk/winavr/bin/../lib/gcc/avr/4.3.3/avr5\libgcc.a(_div_sf.o)
                0x000008e8                __divsf3
 .text          0x00000a40       0x60 d:/embadedd system 2/03-sdk/winavr/bin/../lib/gcc/avr/4.3.3/avr5\libgcc.a(_gt_sf.o)
                0x00000a40                __gtsf2
 .text          0x00000aa0       0x60 d:/embadedd system 2/03-sdk/winavr/bin/../lib/gcc/avr/4.3.3/avr5\libgcc.a(_ge_sf.o)
                0x00000aa0                __gesf2
 .text          0x00000b00       0x60 d:/embadedd system 2/03-sdk/winavr/bin/../lib/gcc/avr/4.3.3/avr5\libgcc.a(_lt_sf.o)
                0x00000b00                __ltsf2
 .text          0x00000b60       0xbc d:/embadedd system 2/03-sdk/winavr/bin/../lib/gcc/avr/4.3.3/avr5\libgcc.a(_si_to_sf.o)
                0x00000b60                __floatsisf
 .text          0x00000c1c       0xa8 d:/embadedd system 2/03-sdk/winavr/bin/../lib/gcc/avr/4.3.3/avr5\libgcc.a(_sf_to_si.o)
                0x00000c1c                __fixsfsi
 .text          0x00000cc4        0x0 d:/embadedd system 2/03-sdk/winavr/bin/../lib/gcc/avr/4.3.3/avr5\libgcc.a(_thenan_sf.o)
 .text          0x00000cc4       0xf2 d:/embadedd system 2/03-sdk/winavr/bin/../lib/gcc/avr/4.3.3/avr5\libgcc.a(_usi_to_sf.o)
                0x00000cc4                __floatunsisf
 .text          0x00000db6        0x0 d:/embadedd system 2/03-sdk/winavr/bin/../lib/gcc/avr/4.3.3/avr5\libgcc.a(_prologue.o)
 .text          0x00000db6        0x0 d:/embadedd system 2/03-sdk/winavr/bin/../lib/gcc/avr/4.3.3/avr5\libgcc.a(_epilogue.o)
 .text          0x00000db6        0x0 d:/embadedd system 2/03-sdk/winavr/bin/../lib/gcc/avr/4.3.3/avr5\libgcc.a(_copy_data.o)
 .text          0x00000db6       0xfe d:/embadedd system 2/03-sdk/winavr/bin/../lib/gcc/avr/4.3.3/avr5\libgcc.a(_lshrdi3.o)
                0x00000db6                __lshrdi3
 .text          0x00000eb4        0x0 d:/embadedd system 2/03-sdk/winavr/bin/../lib/gcc/avr/4.3.3/avr5\libgcc.a(_clz.o)
 .text          0x00000eb4       0x9e d:/embadedd system 2/03-sdk/winavr/bin/../lib/gcc/avr/4.3.3/avr5\libgcc.a(_clzsi2.o)
                0x00000eb4                __clzsi2
 .text          0x00000f52      0x1aa d:/embadedd system 2/03-sdk/winavr/bin/../lib/gcc/avr/4.3.3/avr5\libgcc.a(_pack_sf.o)
                0x00000f52                __pack_f
 .text          0x000010fc       0xf0 d:/embadedd system 2/03-sdk/winavr/bin/../lib/gcc/avr/4.3.3/avr5\libgcc.a(_unpack_sf.o)
                0x000010fc                __unpack_f
 .text          0x000011ec       0xb2 d:/embadedd system 2/03-sdk/winavr/bin/../lib/gcc/avr/4.3.3/avr5\libgcc.a(_fpcmp_parts_sf.o)
                0x000011ec                __fpcmp_parts_f
                0x0000129e                . = ALIGN (0x2)
 *(.text.*)
 .text.DIO_VidSetPinDirection
                0x0000129e      0x200 ./MCAL_DRIVERS/DIO_prg.o
                0x0000129e                DIO_VidSetPinDirection
 .text.DIO_VidSetPortDirection
                0x0000149e       0x82 ./MCAL_DRIVERS/DIO_prg.o
                0x0000149e                DIO_VidSetPortDirection
 .text.DIO_VidSetPinValue
                0x00001520      0x200 ./MCAL_DRIVERS/DIO_prg.o
                0x00001520                DIO_VidSetPinValue
 .text.DIO_VidSetPortValue
                0x00001720       0x82 ./MCAL_DRIVERS/DIO_prg.o
                0x00001720                DIO_VidSetPortValue
 .text.DIO_VidTogglePinValue
                0x000017a2       0xfa ./MCAL_DRIVERS/DIO_prg.o
                0x000017a2                DIO_VidTogglePinValue
 .text.DIO_U8GetPinValue
                0x0000189c      0x104 ./MCAL_DRIVERS/DIO_prg.o
                0x0000189c                DIO_U8GetPinValue
 .text.GIE_VidEnable
                0x000019a0       0x1c ./MCAL_DRIVERS/INTERRUPT_prg.o
                0x000019a0                GIE_VidEnable
 .text.GIE_VidDisable
                0x000019bc       0x1c ./MCAL_DRIVERS/INTERRUPT_prg.o
                0x000019bc                GIE_VidDisable
 .text.TIMER_VidSetCallBack
                0x000019d8       0x72 ./MCAL_DRIVERS/TIMER_PRG.o
                0x000019d8                TIMER_VidSetCallBack
 .text.TIMER0_VidInitialize
                0x00001a4a       0x58 ./MCAL_DRIVERS/TIMER_PRG.o
                0x00001a4a                TIMER0_VidInitialize
 .text.TIMER0_Set_Time_S
                0x00001aa2      0x762 ./MCAL_DRIVERS/TIMER_PRG.o
                0x00001aa2                TIMER0_Set_Time_S
 .text.TIMER0_Set_Time_mS
                0x00002204      0x298 ./MCAL_DRIVERS/TIMER_PRG.o
                0x00002204                TIMER0_Set_Time_mS
 .text.TIMER1_VidInitialize
                0x0000249c       0xac ./MCAL_DRIVERS/TIMER_PRG.o
                0x0000249c                TIMER1_VidInitialize
 .text.Timer1_VidSETFreqency
                0x00002548       0x1e ./MCAL_DRIVERS/TIMER_PRG.o
                0x00002548                Timer1_VidSETFreqency
 .text.Timer1_VidSETDUTY
                0x00002566       0x4e ./MCAL_DRIVERS/TIMER_PRG.o
                0x00002566                Timer1_VidSETDUTY
 .text.TIMER1_VidInitializeMode15
                0x000025b4      0x25c ./MCAL_DRIVERS/TIMER_PRG.o
                0x000025b4                TIMER1_VidInitializeMode15
 .text.TIMER1_VidSetOCR1A
                0x00002810       0x2e ./MCAL_DRIVERS/TIMER_PRG.o
                0x00002810                TIMER1_VidSetOCR1A
 .text.TIMER1_VidSetOCR1B
                0x0000283e       0x2e ./MCAL_DRIVERS/TIMER_PRG.o
                0x0000283e                TIMER1_VidSetOCR1B
 .text.TIMER1_VidSetICR1
                0x0000286c       0x2e ./MCAL_DRIVERS/TIMER_PRG.o
                0x0000286c                TIMER1_VidSetICR1
 .text.Timer1Icu_init
                0x0000289a       0x76 ./MCAL_DRIVERS/TIMER_PRG.o
                0x0000289a                Timer1Icu_init
 .text.Timer1Icu_setCallBack
                0x00002910       0x24 ./MCAL_DRIVERS/TIMER_PRG.o
                0x00002910                Timer1Icu_setCallBack
 .text.Timer1Icu_setEdgeDetectionType
                0x00002934       0x3e ./MCAL_DRIVERS/TIMER_PRG.o
                0x00002934                Timer1Icu_setEdgeDetectionType
 .text.Timer1Icu_getInputCaptureValue
                0x00002972       0x16 ./MCAL_DRIVERS/TIMER_PRG.o
                0x00002972                Timer1Icu_getInputCaptureValue
 .text.Timer1Icu_clearTimerValue
                0x00002988       0x16 ./MCAL_DRIVERS/TIMER_PRG.o
                0x00002988                Timer1Icu_clearTimerValue
 .text.TIMER2_VidInitialize
                0x0000299e       0x96 ./MCAL_DRIVERS/TIMER_PRG.o
                0x0000299e                TIMER2_VidInitialize
 .text.Timer2_VidSETDUTY
                0x00002a34       0x4c ./MCAL_DRIVERS/TIMER_PRG.o
                0x00002a34                Timer2_VidSETDUTY
 .text.__vector_11
                0x00002a80       0x5a ./MCAL_DRIVERS/TIMER_PRG.o
                0x00002a80                __vector_11
 .text.__vector_5
                0x00002ada       0xf4 ./MCAL_DRIVERS/TIMER_PRG.o
                0x00002ada                __vector_5
 .text.__vector_9
                0x00002bce       0x20 ./MCAL_DRIVERS/TIMER_PRG.o
                0x00002bce                __vector_9
 .text.__vector_6
                0x00002bee       0x66 ./MCAL_DRIVERS/TIMER_PRG.o
                0x00002bee                __vector_6
 .text.UART_VidInit
                0x00002c54       0x94 ./MCAL_DRIVERS/UART_Prg.o
                0x00002c54                UART_VidInit
 .text.UART_VidSendData
                0x00002ce8       0x34 ./MCAL_DRIVERS/UART_Prg.o
                0x00002ce8                UART_VidSendData
 .text.UART_VidRecieveData
                0x00002d1c       0x1e ./MCAL_DRIVERS/UART_Prg.o
                0x00002d1c                UART_VidRecieveData
 .text.UART_VidSendString
                0x00002d3a       0x52 ./MCAL_DRIVERS/UART_Prg.o
                0x00002d3a                UART_VidSendString
 .text.Watchdog_VidEnable
                0x00002d8c       0x46 ./MCAL_DRIVERS/Watchdog_Prg.o
                0x00002d8c                Watchdog_VidEnable
 .text.Watchdog_VidDisable
                0x00002dd2       0x1c ./MCAL_DRIVERS/Watchdog_Prg.o
                0x00002dd2                Watchdog_VidDisable
 .text.ADC_init
                0x00002dee       0x1c ./MCAL_DRIVERS/adc.o
                0x00002dee                ADC_init
 .text.ADC_readChannel
                0x00002e0a       0x6e ./MCAL_DRIVERS/adc.o
                0x00002e0a                ADC_readChannel
 .text.GPIO_setupPinDirection
                0x00002e78      0x1d6 ./MCAL_DRIVERS/gpio.o
                0x00002e78                GPIO_setupPinDirection
 .text.GPIO_writePin
                0x0000304e      0x1d6 ./MCAL_DRIVERS/gpio.o
                0x0000304e                GPIO_writePin
 .text.GPIO_readPin
                0x00003224      0x136 ./MCAL_DRIVERS/gpio.o
                0x00003224                GPIO_readPin
 .text.GPIO_setupPortDirection
                0x0000335a       0x88 ./MCAL_DRIVERS/gpio.o
                0x0000335a                GPIO_setupPortDirection
 .text.GPIO_writePort
                0x000033e2       0x88 ./MCAL_DRIVERS/gpio.o
                0x000033e2                GPIO_writePort
 .text.GPIO_readPort
                0x0000346a       0x8a ./MCAL_DRIVERS/gpio.o
                0x0000346a                GPIO_readPort
 .text.BluetoothInit
                0x000034f4       0x12 ./HAL_DRIVERS/BlueTooth_prg.o
                0x000034f4                BluetoothInit
 .text.Bluetooth_U32Getnumber
                0x00003506       0x16 ./HAL_DRIVERS/BlueTooth_prg.o
                0x00003506                Bluetooth_U32Getnumber
 .text.Bluetooth_VidSendData
                0x0000351c       0x1a ./HAL_DRIVERS/BlueTooth_prg.o
                0x0000351c                Bluetooth_VidSendData
 .text.BluetoothVidSendString
                0x00003536       0x20 ./HAL_DRIVERS/BlueTooth_prg.o
                0x00003536                BluetoothVidSendString
 .text.DcMotor_VidInit
                0x00003556       0x62 ./HAL_DRIVERS/DCMOTOR_PRG.o
                0x00003556                DcMotor_VidInit
 .text.DcMotor_VidRotate_Wheels1
                0x000035b8       0x80 ./HAL_DRIVERS/DCMOTOR_PRG.o
                0x000035b8                DcMotor_VidRotate_Wheels1
 .text.DcMotor_VidRotate_Wheels2
                0x00003638       0x80 ./HAL_DRIVERS/DCMOTOR_PRG.o
                0x00003638                DcMotor_VidRotate_Wheels2
 .text.DcMotor_VidSetPWMPulsePercentage
                0x000036b8       0x1a ./HAL_DRIVERS/DCMOTOR_PRG.o
                0x000036b8                DcMotor_VidSetPWMPulsePercentage
 .text.process  0x000036d2       0x36 ./HAL_DRIVERS/LDR.o
                0x000036d2                process
 .text.LDR_mode
                0x00003708       0x18 ./HAL_DRIVERS/LDR.o
                0x00003708                LDR_mode
 .text.LDR_getLightIntensity
                0x00003720       0x3a ./HAL_DRIVERS/LDR.o
                0x00003720                LDR_getLightIntensity
 .text.Ultrasonic_edgeProcessing
                0x0000375a       0x46 ./HAL_DRIVERS/UltraSonic_Prg.o
 .text.Ultrasonic_Trigger
                0x000037a0      0x1b6 ./HAL_DRIVERS/UltraSonic_Prg.o
 .text.Ultrasonic_init
                0x00003956       0x24 ./HAL_DRIVERS/UltraSonic_Prg.o
                0x00003956                Ultrasonic_init
 .text.Ultrasonic_readDistance
                0x0000397a       0x4e ./HAL_DRIVERS/UltraSonic_Prg.o
                0x0000397a                Ultrasonic_readDistance
 .text.MultipleTasksCar_VidInit
                0x000039c8       0x3a ./APP_DRIVER/MultipleTasksCar_Prg.o
                0x000039c8                MultipleTasksCar_VidInit
 .text.MultipleTasksCar_SetCarVelocity
                0x00003a02       0x8a ./APP_DRIVER/MultipleTasksCar_Prg.o
                0x00003a02                MultipleTasksCar_SetCarVelocity
 .text.MultipleTasksCar_GetDirections
                0x00003a8c       0xfa ./APP_DRIVER/MultipleTasksCar_Prg.o
                0x00003a8c                MultipleTasksCar_GetDirections
 .text.main     0x00003b86       0x12 ./main.o
                0x00003b86                main
 .text.libgcc   0x00003b98       0x28 d:/embadedd system 2/03-sdk/winavr/bin/../lib/gcc/avr/4.3.3/avr5\libgcc.a(_udivmodhi4.o)
                0x00003b98                __udivmodhi4
 .text.libgcc   0x00003bc0        0x0 d:/embadedd system 2/03-sdk/winavr/bin/../lib/gcc/avr/4.3.3/avr5\libgcc.a(_exit.o)
 .text.libgcc   0x00003bc0        0x0 d:/embadedd system 2/03-sdk/winavr/bin/../lib/gcc/avr/4.3.3/avr5\libgcc.a(_clear_bss.o)
 .text.libgcc   0x00003bc0       0x38 d:/embadedd system 2/03-sdk/winavr/bin/../lib/gcc/avr/4.3.3/avr5\libgcc.a(_prologue.o)
                0x00003bc0                __prologue_saves__
 .text.libgcc   0x00003bf8       0x36 d:/embadedd system 2/03-sdk/winavr/bin/../lib/gcc/avr/4.3.3/avr5\libgcc.a(_epilogue.o)
                0x00003bf8                __epilogue_restores__
 .text.libgcc   0x00003c2e        0x0 d:/embadedd system 2/03-sdk/winavr/bin/../lib/gcc/avr/4.3.3/avr5\libgcc.a(_copy_data.o)
                0x00003c2e                . = ALIGN (0x2)
 *(.fini9)
 .fini9         0x00003c2e        0x0 d:/embadedd system 2/03-sdk/winavr/bin/../lib/gcc/avr/4.3.3/avr5\libgcc.a(_exit.o)
                0x00003c2e                exit
                0x00003c2e                _exit
 *(.fini9)
 *(.fini8)
 *(.fini8)
 *(.fini7)
 *(.fini7)
 *(.fini6)
 *(.fini6)
 *(.fini5)
 *(.fini5)
 *(.fini4)
 *(.fini4)
 *(.fini3)
 *(.fini3)
 *(.fini2)
 *(.fini2)
 *(.fini1)
 *(.fini1)
 *(.fini0)
 .fini0         0x00003c2e        0x4 d:/embadedd system 2/03-sdk/winavr/bin/../lib/gcc/avr/4.3.3/avr5\libgcc.a(_exit.o)
 *(.fini0)
                0x00003c32                _etext = .

.data           0x00800060      0x108 load address 0x00003c32
                0x00800060                PROVIDE (__data_start, .)
 *(.data)
 .data          0x00800060        0x0 d:/embadedd system 2/03-sdk/winavr/bin/../lib/gcc/avr/4.3.3/../../../../avr/lib/avr5/crtm32.o
 .data          0x00800060        0x0 ./MCAL_DRIVERS/DIO_prg.o
 .data          0x00800060        0x0 ./MCAL_DRIVERS/INTERRUPT_prg.o
 .data          0x00800060        0x0 ./MCAL_DRIVERS/TIMER_PRG.o
 .data          0x00800060        0x0 ./MCAL_DRIVERS/UART_Prg.o
 .data          0x00800060        0x0 ./MCAL_DRIVERS/Watchdog_Prg.o
 .data          0x00800060        0x0 ./MCAL_DRIVERS/adc.o
 .data          0x00800060        0x0 ./MCAL_DRIVERS/gpio.o
 .data          0x00800060        0x0 ./HAL_DRIVERS/BlueTooth_prg.o
 .data          0x00800060        0x0 ./HAL_DRIVERS/DCMOTOR_PRG.o
 .data          0x00800060        0x0 ./HAL_DRIVERS/LDR.o
 .data          0x00800060        0x0 ./HAL_DRIVERS/UltraSonic_Prg.o
 .data          0x00800060        0x0 ./APP_DRIVER/MultipleTasksCar_Prg.o
 .data          0x00800060        0x0 ./main.o
 .data          0x00800060        0x0 d:/embadedd system 2/03-sdk/winavr/bin/../lib/gcc/avr/4.3.3/avr5\libgcc.a(_udivmodhi4.o)
 .data          0x00800060        0x0 d:/embadedd system 2/03-sdk/winavr/bin/../lib/gcc/avr/4.3.3/avr5\libgcc.a(_exit.o)
 .data          0x00800060        0x0 d:/embadedd system 2/03-sdk/winavr/bin/../lib/gcc/avr/4.3.3/avr5\libgcc.a(_clear_bss.o)
 .data          0x00800060        0x0 d:/embadedd system 2/03-sdk/winavr/bin/../lib/gcc/avr/4.3.3/avr5\libgcc.a(_ashldi3.o)
 .data          0x00800060        0x0 d:/embadedd system 2/03-sdk/winavr/bin/../lib/gcc/avr/4.3.3/avr5\libgcc.a(_fixunssfsi.o)
 .data          0x00800060        0x0 d:/embadedd system 2/03-sdk/winavr/bin/../lib/gcc/avr/4.3.3/avr5\libgcc.a(_floatundisf.o)
 .data          0x00800060        0x0 d:/embadedd system 2/03-sdk/winavr/bin/../lib/gcc/avr/4.3.3/avr5\libgcc.a(_addsub_sf.o)
 .data          0x00800060        0x0 d:/embadedd system 2/03-sdk/winavr/bin/../lib/gcc/avr/4.3.3/avr5\libgcc.a(_mul_sf.o)
 .data          0x00800060        0x0 d:/embadedd system 2/03-sdk/winavr/bin/../lib/gcc/avr/4.3.3/avr5\libgcc.a(_div_sf.o)
 .data          0x00800060        0x0 d:/embadedd system 2/03-sdk/winavr/bin/../lib/gcc/avr/4.3.3/avr5\libgcc.a(_gt_sf.o)
 .data          0x00800060        0x0 d:/embadedd system 2/03-sdk/winavr/bin/../lib/gcc/avr/4.3.3/avr5\libgcc.a(_ge_sf.o)
 .data          0x00800060        0x0 d:/embadedd system 2/03-sdk/winavr/bin/../lib/gcc/avr/4.3.3/avr5\libgcc.a(_lt_sf.o)
 .data          0x00800060        0x0 d:/embadedd system 2/03-sdk/winavr/bin/../lib/gcc/avr/4.3.3/avr5\libgcc.a(_si_to_sf.o)
 .data          0x00800060        0x0 d:/embadedd system 2/03-sdk/winavr/bin/../lib/gcc/avr/4.3.3/avr5\libgcc.a(_sf_to_si.o)
 .data          0x00800060        0x8 d:/embadedd system 2/03-sdk/winavr/bin/../lib/gcc/avr/4.3.3/avr5\libgcc.a(_thenan_sf.o)
                0x00800060                __thenan_sf
 .data          0x00800068        0x0 d:/embadedd system 2/03-sdk/winavr/bin/../lib/gcc/avr/4.3.3/avr5\libgcc.a(_usi_to_sf.o)
 .data          0x00800068        0x0 d:/embadedd system 2/03-sdk/winavr/bin/../lib/gcc/avr/4.3.3/avr5\libgcc.a(_prologue.o)
 .data          0x00800068        0x0 d:/embadedd system 2/03-sdk/winavr/bin/../lib/gcc/avr/4.3.3/avr5\libgcc.a(_epilogue.o)
 .data          0x00800068        0x0 d:/embadedd system 2/03-sdk/winavr/bin/../lib/gcc/avr/4.3.3/avr5\libgcc.a(_copy_data.o)
 .data          0x00800068        0x0 d:/embadedd system 2/03-sdk/winavr/bin/../lib/gcc/avr/4.3.3/avr5\libgcc.a(_lshrdi3.o)
 .data          0x00800068      0x100 d:/embadedd system 2/03-sdk/winavr/bin/../lib/gcc/avr/4.3.3/avr5\libgcc.a(_clz.o)
                0x00800068                __clz_tab
 .data          0x00800168        0x0 d:/embadedd system 2/03-sdk/winavr/bin/../lib/gcc/avr/4.3.3/avr5\libgcc.a(_clzsi2.o)
 .data          0x00800168        0x0 d:/embadedd system 2/03-sdk/winavr/bin/../lib/gcc/avr/4.3.3/avr5\libgcc.a(_pack_sf.o)
 .data          0x00800168        0x0 d:/embadedd system 2/03-sdk/winavr/bin/../lib/gcc/avr/4.3.3/avr5\libgcc.a(_unpack_sf.o)
 .data          0x00800168        0x0 d:/embadedd system 2/03-sdk/winavr/bin/../lib/gcc/avr/4.3.3/avr5\libgcc.a(_fpcmp_parts_sf.o)
 *(.data*)
 *(.rodata)
 *(.rodata*)
 *(.gnu.linkonce.d*)
                0x00800168                . = ALIGN (0x2)
                0x00800168                _edata = .
                0x00800168                PROVIDE (__data_end, .)

.bss            0x00800168       0x3c
                0x00800168                PROVIDE (__bss_start, .)
 *(.bss)
 .bss           0x00800168        0x0 d:/embadedd system 2/03-sdk/winavr/bin/../lib/gcc/avr/4.3.3/../../../../avr/lib/avr5/crtm32.o
 .bss           0x00800168        0x0 ./MCAL_DRIVERS/DIO_prg.o
 .bss           0x00800168        0x0 ./MCAL_DRIVERS/INTERRUPT_prg.o
 .bss           0x00800168        0x0 ./MCAL_DRIVERS/TIMER_PRG.o
 .bss           0x00800168        0x0 ./MCAL_DRIVERS/UART_Prg.o
 .bss           0x00800168        0x0 ./MCAL_DRIVERS/Watchdog_Prg.o
 .bss           0x00800168        0x0 ./MCAL_DRIVERS/adc.o
 .bss           0x00800168        0x0 ./MCAL_DRIVERS/gpio.o
 .bss           0x00800168        0x0 ./HAL_DRIVERS/BlueTooth_prg.o
 .bss           0x00800168        0x0 ./HAL_DRIVERS/DCMOTOR_PRG.o
 .bss           0x00800168        0x0 ./HAL_DRIVERS/LDR.o
 .bss           0x00800168        0x0 ./HAL_DRIVERS/UltraSonic_Prg.o
 .bss           0x00800168        0x0 ./APP_DRIVER/MultipleTasksCar_Prg.o
 .bss           0x00800168        0x0 ./main.o
 .bss           0x00800168        0x0 d:/embadedd system 2/03-sdk/winavr/bin/../lib/gcc/avr/4.3.3/avr5\libgcc.a(_udivmodhi4.o)
 .bss           0x00800168        0x0 d:/embadedd system 2/03-sdk/winavr/bin/../lib/gcc/avr/4.3.3/avr5\libgcc.a(_exit.o)
 .bss           0x00800168        0x0 d:/embadedd system 2/03-sdk/winavr/bin/../lib/gcc/avr/4.3.3/avr5\libgcc.a(_clear_bss.o)
 .bss           0x00800168        0x0 d:/embadedd system 2/03-sdk/winavr/bin/../lib/gcc/avr/4.3.3/avr5\libgcc.a(_ashldi3.o)
 .bss           0x00800168        0x0 d:/embadedd system 2/03-sdk/winavr/bin/../lib/gcc/avr/4.3.3/avr5\libgcc.a(_fixunssfsi.o)
 .bss           0x00800168        0x0 d:/embadedd system 2/03-sdk/winavr/bin/../lib/gcc/avr/4.3.3/avr5\libgcc.a(_floatundisf.o)
 .bss           0x00800168        0x0 d:/embadedd system 2/03-sdk/winavr/bin/../lib/gcc/avr/4.3.3/avr5\libgcc.a(_addsub_sf.o)
 .bss           0x00800168        0x0 d:/embadedd system 2/03-sdk/winavr/bin/../lib/gcc/avr/4.3.3/avr5\libgcc.a(_mul_sf.o)
 .bss           0x00800168        0x0 d:/embadedd system 2/03-sdk/winavr/bin/../lib/gcc/avr/4.3.3/avr5\libgcc.a(_div_sf.o)
 .bss           0x00800168        0x0 d:/embadedd system 2/03-sdk/winavr/bin/../lib/gcc/avr/4.3.3/avr5\libgcc.a(_gt_sf.o)
 .bss           0x00800168        0x0 d:/embadedd system 2/03-sdk/winavr/bin/../lib/gcc/avr/4.3.3/avr5\libgcc.a(_ge_sf.o)
 .bss           0x00800168        0x0 d:/embadedd system 2/03-sdk/winavr/bin/../lib/gcc/avr/4.3.3/avr5\libgcc.a(_lt_sf.o)
 .bss           0x00800168        0x0 d:/embadedd system 2/03-sdk/winavr/bin/../lib/gcc/avr/4.3.3/avr5\libgcc.a(_si_to_sf.o)
 .bss           0x00800168        0x0 d:/embadedd system 2/03-sdk/winavr/bin/../lib/gcc/avr/4.3.3/avr5\libgcc.a(_sf_to_si.o)
 .bss           0x00800168        0x0 d:/embadedd system 2/03-sdk/winavr/bin/../lib/gcc/avr/4.3.3/avr5\libgcc.a(_thenan_sf.o)
 .bss           0x00800168        0x0 d:/embadedd system 2/03-sdk/winavr/bin/../lib/gcc/avr/4.3.3/avr5\libgcc.a(_usi_to_sf.o)
 .bss           0x00800168        0x0 d:/embadedd system 2/03-sdk/winavr/bin/../lib/gcc/avr/4.3.3/avr5\libgcc.a(_prologue.o)
 .bss           0x00800168        0x0 d:/embadedd system 2/03-sdk/winavr/bin/../lib/gcc/avr/4.3.3/avr5\libgcc.a(_epilogue.o)
 .bss           0x00800168        0x0 d:/embadedd system 2/03-sdk/winavr/bin/../lib/gcc/avr/4.3.3/avr5\libgcc.a(_copy_data.o)
 .bss           0x00800168        0x0 d:/embadedd system 2/03-sdk/winavr/bin/../lib/gcc/avr/4.3.3/avr5\libgcc.a(_lshrdi3.o)
 .bss           0x00800168        0x0 d:/embadedd system 2/03-sdk/winavr/bin/../lib/gcc/avr/4.3.3/avr5\libgcc.a(_clz.o)
 .bss           0x00800168        0x0 d:/embadedd system 2/03-sdk/winavr/bin/../lib/gcc/avr/4.3.3/avr5\libgcc.a(_clzsi2.o)
 .bss           0x00800168        0x0 d:/embadedd system 2/03-sdk/winavr/bin/../lib/gcc/avr/4.3.3/avr5\libgcc.a(_pack_sf.o)
 .bss           0x00800168        0x0 d:/embadedd system 2/03-sdk/winavr/bin/../lib/gcc/avr/4.3.3/avr5\libgcc.a(_unpack_sf.o)
 .bss           0x00800168        0x0 d:/embadedd system 2/03-sdk/winavr/bin/../lib/gcc/avr/4.3.3/avr5\libgcc.a(_fpcmp_parts_sf.o)
 *(.bss*)
 .bss.TIMER0_PFUNC
                0x00800168        0x2 ./MCAL_DRIVERS/TIMER_PRG.o
 .bss.TIMER1_PFUNC
                0x0080016a        0x2 ./MCAL_DRIVERS/TIMER_PRG.o
 .bss.TIMER2_PFUNC
                0x0080016c        0x2 ./MCAL_DRIVERS/TIMER_PRG.o
 .bss.tick.1714
                0x0080016e        0x2 ./MCAL_DRIVERS/TIMER_PRG.o
 .bss.Timer1_IcuCallBack
                0x00800170        0x2 ./MCAL_DRIVERS/TIMER_PRG.o
 .bss.DESIRED_TIME_TIMER0
                0x00800172        0x8 ./MCAL_DRIVERS/TIMER_PRG.o
 .bss.PRE_SCALAR_TIMER0
                0x0080017a        0x2 ./MCAL_DRIVERS/TIMER_PRG.o
 .bss.T_OV_TIMER0
                0x0080017c        0x4 ./MCAL_DRIVERS/TIMER_PRG.o
 .bss.NUM_OV_TIMER0
                0x00800180        0x4 ./MCAL_DRIVERS/TIMER_PRG.o
 .bss.PRE_LOAD_TIMER0
                0x00800184        0x4 ./MCAL_DRIVERS/TIMER_PRG.o
 .bss.PRE_SCALAR_TIMER1
                0x00800188        0x2 ./MCAL_DRIVERS/TIMER_PRG.o
 .bss.DESIRED_TIME_TIMER2
                0x0080018a        0x8 ./MCAL_DRIVERS/TIMER_PRG.o
 .bss.PRE_SCALAR_TIMER2
                0x00800192        0x2 ./MCAL_DRIVERS/TIMER_PRG.o
 .bss.T_OV_TIMER2
                0x00800194        0x4 ./MCAL_DRIVERS/TIMER_PRG.o
 .bss.NUM_OV_TIMER2
                0x00800198        0x4 ./MCAL_DRIVERS/TIMER_PRG.o
 .bss.PRE_LOAD_TIMER2
                0x0080019c        0x4 ./MCAL_DRIVERS/TIMER_PRG.o
 .bss.g_edgeCount
                0x008001a0        0x1 ./HAL_DRIVERS/UltraSonic_Prg.o
 .bss.g_timeHigh
                0x008001a1        0x2 ./HAL_DRIVERS/UltraSonic_Prg.o
 .bss.g_distance
                0x008001a3        0x1 ./HAL_DRIVERS/UltraSonic_Prg.o
 *(COMMON)
                0x008001a4                PROVIDE (__bss_end, .)
                0x00003c32                __data_load_start = LOADADDR (.data)
                0x00003d3a                __data_load_end = (__data_load_start + SIZEOF (.data))

.noinit         0x008001a4        0x0
                0x008001a4                PROVIDE (__noinit_start, .)
 *(.noinit*)
                0x008001a4                PROVIDE (__noinit_end, .)
                0x008001a4                _end = .
                0x008001a4                PROVIDE (__heap_start, .)

.eeprom         0x00810000        0x0
 *(.eeprom*)
                0x00810000                __eeprom_end = .

.fuse
 *(.fuse)
 *(.lfuse)
 *(.hfuse)
 *(.efuse)

.lock
 *(.lock*)

.signature
 *(.signature*)

.stab           0x00000000     0x3420
 *(.stab)
 .stab          0x00000000      0x594 ./MCAL_DRIVERS/DIO_prg.o
 .stab          0x00000594      0x144 ./MCAL_DRIVERS/INTERRUPT_prg.o
                                0x264 (size before relaxing)
 .stab          0x000006d8      0xc3c ./MCAL_DRIVERS/TIMER_PRG.o
                                0xc48 (size before relaxing)
 .stab          0x00001314      0x4bc ./MCAL_DRIVERS/UART_Prg.o
                                0x5dc (size before relaxing)
 .stab          0x000017d0      0x174 ./MCAL_DRIVERS/Watchdog_Prg.o
                                0x294 (size before relaxing)
 .stab          0x00001944      0x1bc ./MCAL_DRIVERS/adc.o
                                0x2dc (size before relaxing)
 .stab          0x00001b00      0x5e8 ./MCAL_DRIVERS/gpio.o
                                0x708 (size before relaxing)
 .stab          0x000020e8      0x2e8 ./HAL_DRIVERS/BlueTooth_prg.o
                                0x2f4 (size before relaxing)
 .stab          0x000023d0      0x3f0 ./HAL_DRIVERS/DCMOTOR_PRG.o
                                0x588 (size before relaxing)
 .stab          0x000027c0      0x27c ./HAL_DRIVERS/LDR.o
                                0x39c (size before relaxing)
 .stab          0x00002a3c      0x3e4 ./HAL_DRIVERS/UltraSonic_Prg.o
                                0x690 (size before relaxing)
 .stab          0x00002e20      0x48c ./APP_DRIVER/MultipleTasksCar_Prg.o
                                0x630 (size before relaxing)
 .stab          0x000032ac      0x174 ./main.o
                                0x42c (size before relaxing)

.stabstr        0x00000000     0x1a19
 *(.stabstr)
 .stabstr       0x00000000     0x1a19 ./MCAL_DRIVERS/DIO_prg.o

.stab.excl
 *(.stab.excl)

.stab.exclstr
 *(.stab.exclstr)

.stab.index
 *(.stab.index)

.stab.indexstr
 *(.stab.indexstr)

.comment
 *(.comment)

.debug
 *(.debug)

.line
 *(.line)

.debug_srcinfo
 *(.debug_srcinfo)

.debug_sfnames
 *(.debug_sfnames)

.debug_aranges  0x00000000      0x220
 *(.debug_aranges)
 .debug_aranges
                0x00000000       0x20 d:/embadedd system 2/03-sdk/winavr/bin/../lib/gcc/avr/4.3.3/avr5\libgcc.a(_ashldi3.o)
 .debug_aranges
                0x00000020       0x20 d:/embadedd system 2/03-sdk/winavr/bin/../lib/gcc/avr/4.3.3/avr5\libgcc.a(_fixunssfsi.o)
 .debug_aranges
                0x00000040       0x20 d:/embadedd system 2/03-sdk/winavr/bin/../lib/gcc/avr/4.3.3/avr5\libgcc.a(_floatundisf.o)
 .debug_aranges
                0x00000060       0x20 d:/embadedd system 2/03-sdk/winavr/bin/../lib/gcc/avr/4.3.3/avr5\libgcc.a(_addsub_sf.o)
 .debug_aranges
                0x00000080       0x20 d:/embadedd system 2/03-sdk/winavr/bin/../lib/gcc/avr/4.3.3/avr5\libgcc.a(_mul_sf.o)
 .debug_aranges
                0x000000a0       0x20 d:/embadedd system 2/03-sdk/winavr/bin/../lib/gcc/avr/4.3.3/avr5\libgcc.a(_div_sf.o)
 .debug_aranges
                0x000000c0       0x20 d:/embadedd system 2/03-sdk/winavr/bin/../lib/gcc/avr/4.3.3/avr5\libgcc.a(_gt_sf.o)
 .debug_aranges
                0x000000e0       0x20 d:/embadedd system 2/03-sdk/winavr/bin/../lib/gcc/avr/4.3.3/avr5\libgcc.a(_ge_sf.o)
 .debug_aranges
                0x00000100       0x20 d:/embadedd system 2/03-sdk/winavr/bin/../lib/gcc/avr/4.3.3/avr5\libgcc.a(_lt_sf.o)
 .debug_aranges
                0x00000120       0x20 d:/embadedd system 2/03-sdk/winavr/bin/../lib/gcc/avr/4.3.3/avr5\libgcc.a(_si_to_sf.o)
 .debug_aranges
                0x00000140       0x20 d:/embadedd system 2/03-sdk/winavr/bin/../lib/gcc/avr/4.3.3/avr5\libgcc.a(_sf_to_si.o)
 .debug_aranges
                0x00000160       0x20 d:/embadedd system 2/03-sdk/winavr/bin/../lib/gcc/avr/4.3.3/avr5\libgcc.a(_usi_to_sf.o)
 .debug_aranges
                0x00000180       0x20 d:/embadedd system 2/03-sdk/winavr/bin/../lib/gcc/avr/4.3.3/avr5\libgcc.a(_lshrdi3.o)
 .debug_aranges
                0x000001a0       0x20 d:/embadedd system 2/03-sdk/winavr/bin/../lib/gcc/avr/4.3.3/avr5\libgcc.a(_clzsi2.o)
 .debug_aranges
                0x000001c0       0x20 d:/embadedd system 2/03-sdk/winavr/bin/../lib/gcc/avr/4.3.3/avr5\libgcc.a(_pack_sf.o)
 .debug_aranges
                0x000001e0       0x20 d:/embadedd system 2/03-sdk/winavr/bin/../lib/gcc/avr/4.3.3/avr5\libgcc.a(_unpack_sf.o)
 .debug_aranges
                0x00000200       0x20 d:/embadedd system 2/03-sdk/winavr/bin/../lib/gcc/avr/4.3.3/avr5\libgcc.a(_fpcmp_parts_sf.o)

.debug_pubnames
                0x00000000      0x278
 *(.debug_pubnames)
 .debug_pubnames
                0x00000000       0x20 d:/embadedd system 2/03-sdk/winavr/bin/../lib/gcc/avr/4.3.3/avr5\libgcc.a(_ashldi3.o)
 .debug_pubnames
                0x00000020       0x23 d:/embadedd system 2/03-sdk/winavr/bin/../lib/gcc/avr/4.3.3/avr5\libgcc.a(_fixunssfsi.o)
 .debug_pubnames
                0x00000043       0x24 d:/embadedd system 2/03-sdk/winavr/bin/../lib/gcc/avr/4.3.3/avr5\libgcc.a(_floatundisf.o)
 .debug_pubnames
                0x00000067       0x2c d:/embadedd system 2/03-sdk/winavr/bin/../lib/gcc/avr/4.3.3/avr5\libgcc.a(_addsub_sf.o)
 .debug_pubnames
                0x00000093       0x1f d:/embadedd system 2/03-sdk/winavr/bin/../lib/gcc/avr/4.3.3/avr5\libgcc.a(_mul_sf.o)
 .debug_pubnames
                0x000000b2       0x1f d:/embadedd system 2/03-sdk/winavr/bin/../lib/gcc/avr/4.3.3/avr5\libgcc.a(_div_sf.o)
 .debug_pubnames
                0x000000d1       0x1e d:/embadedd system 2/03-sdk/winavr/bin/../lib/gcc/avr/4.3.3/avr5\libgcc.a(_gt_sf.o)
 .debug_pubnames
                0x000000ef       0x1e d:/embadedd system 2/03-sdk/winavr/bin/../lib/gcc/avr/4.3.3/avr5\libgcc.a(_ge_sf.o)
 .debug_pubnames
                0x0000010d       0x1e d:/embadedd system 2/03-sdk/winavr/bin/../lib/gcc/avr/4.3.3/avr5\libgcc.a(_lt_sf.o)
 .debug_pubnames
                0x0000012b       0x22 d:/embadedd system 2/03-sdk/winavr/bin/../lib/gcc/avr/4.3.3/avr5\libgcc.a(_si_to_sf.o)
 .debug_pubnames
                0x0000014d       0x20 d:/embadedd system 2/03-sdk/winavr/bin/../lib/gcc/avr/4.3.3/avr5\libgcc.a(_sf_to_si.o)
 .debug_pubnames
                0x0000016d       0x22 d:/embadedd system 2/03-sdk/winavr/bin/../lib/gcc/avr/4.3.3/avr5\libgcc.a(_thenan_sf.o)
 .debug_pubnames
                0x0000018f       0x24 d:/embadedd system 2/03-sdk/winavr/bin/../lib/gcc/avr/4.3.3/avr5\libgcc.a(_usi_to_sf.o)
 .debug_pubnames
                0x000001b3       0x20 d:/embadedd system 2/03-sdk/winavr/bin/../lib/gcc/avr/4.3.3/avr5\libgcc.a(_lshrdi3.o)
 .debug_pubnames
                0x000001d3       0x20 d:/embadedd system 2/03-sdk/winavr/bin/../lib/gcc/avr/4.3.3/avr5\libgcc.a(_clz.o)
 .debug_pubnames
                0x000001f3       0x1f d:/embadedd system 2/03-sdk/winavr/bin/../lib/gcc/avr/4.3.3/avr5\libgcc.a(_clzsi2.o)
 .debug_pubnames
                0x00000212       0x1f d:/embadedd system 2/03-sdk/winavr/bin/../lib/gcc/avr/4.3.3/avr5\libgcc.a(_pack_sf.o)
 .debug_pubnames
                0x00000231       0x21 d:/embadedd system 2/03-sdk/winavr/bin/../lib/gcc/avr/4.3.3/avr5\libgcc.a(_unpack_sf.o)
 .debug_pubnames
                0x00000252       0x26 d:/embadedd system 2/03-sdk/winavr/bin/../lib/gcc/avr/4.3.3/avr5\libgcc.a(_fpcmp_parts_sf.o)

.debug_info     0x00000000     0x2a72
 *(.debug_info)
 .debug_info    0x00000000      0x17f d:/embadedd system 2/03-sdk/winavr/bin/../lib/gcc/avr/4.3.3/avr5\libgcc.a(_ashldi3.o)
 .debug_info    0x0000017f       0xb1 d:/embadedd system 2/03-sdk/winavr/bin/../lib/gcc/avr/4.3.3/avr5\libgcc.a(_fixunssfsi.o)
 .debug_info    0x00000230      0x162 d:/embadedd system 2/03-sdk/winavr/bin/../lib/gcc/avr/4.3.3/avr5\libgcc.a(_floatundisf.o)
 .debug_info    0x00000392      0x47a d:/embadedd system 2/03-sdk/winavr/bin/../lib/gcc/avr/4.3.3/avr5\libgcc.a(_addsub_sf.o)
 .debug_info    0x0000080c      0x485 d:/embadedd system 2/03-sdk/winavr/bin/../lib/gcc/avr/4.3.3/avr5\libgcc.a(_mul_sf.o)
 .debug_info    0x00000c91      0x3fc d:/embadedd system 2/03-sdk/winavr/bin/../lib/gcc/avr/4.3.3/avr5\libgcc.a(_div_sf.o)
 .debug_info    0x0000108d      0x27f d:/embadedd system 2/03-sdk/winavr/bin/../lib/gcc/avr/4.3.3/avr5\libgcc.a(_gt_sf.o)
 .debug_info    0x0000130c      0x27f d:/embadedd system 2/03-sdk/winavr/bin/../lib/gcc/avr/4.3.3/avr5\libgcc.a(_ge_sf.o)
 .debug_info    0x0000158b      0x27f d:/embadedd system 2/03-sdk/winavr/bin/../lib/gcc/avr/4.3.3/avr5\libgcc.a(_lt_sf.o)
 .debug_info    0x0000180a      0x207 d:/embadedd system 2/03-sdk/winavr/bin/../lib/gcc/avr/4.3.3/avr5\libgcc.a(_si_to_sf.o)
 .debug_info    0x00001a11      0x2b0 d:/embadedd system 2/03-sdk/winavr/bin/../lib/gcc/avr/4.3.3/avr5\libgcc.a(_sf_to_si.o)
 .debug_info    0x00001cc1      0x12c d:/embadedd system 2/03-sdk/winavr/bin/../lib/gcc/avr/4.3.3/avr5\libgcc.a(_thenan_sf.o)
 .debug_info    0x00001ded      0x206 d:/embadedd system 2/03-sdk/winavr/bin/../lib/gcc/avr/4.3.3/avr5\libgcc.a(_usi_to_sf.o)
 .debug_info    0x00001ff3      0x17f d:/embadedd system 2/03-sdk/winavr/bin/../lib/gcc/avr/4.3.3/avr5\libgcc.a(_lshrdi3.o)
 .debug_info    0x00002172       0xa9 d:/embadedd system 2/03-sdk/winavr/bin/../lib/gcc/avr/4.3.3/avr5\libgcc.a(_clz.o)
 .debug_info    0x0000221b      0x117 d:/embadedd system 2/03-sdk/winavr/bin/../lib/gcc/avr/4.3.3/avr5\libgcc.a(_clzsi2.o)
 .debug_info    0x00002332      0x2df d:/embadedd system 2/03-sdk/winavr/bin/../lib/gcc/avr/4.3.3/avr5\libgcc.a(_pack_sf.o)
 .debug_info    0x00002611      0x251 d:/embadedd system 2/03-sdk/winavr/bin/../lib/gcc/avr/4.3.3/avr5\libgcc.a(_unpack_sf.o)
 .debug_info    0x00002862      0x210 d:/embadedd system 2/03-sdk/winavr/bin/../lib/gcc/avr/4.3.3/avr5\libgcc.a(_fpcmp_parts_sf.o)
 *(.gnu.linkonce.wi.*)

.debug_abbrev   0x00000000     0x177d
 *(.debug_abbrev)
 .debug_abbrev  0x00000000       0xee d:/embadedd system 2/03-sdk/winavr/bin/../lib/gcc/avr/4.3.3/avr5\libgcc.a(_ashldi3.o)
 .debug_abbrev  0x000000ee       0x5d d:/embadedd system 2/03-sdk/winavr/bin/../lib/gcc/avr/4.3.3/avr5\libgcc.a(_fixunssfsi.o)
 .debug_abbrev  0x0000014b       0xd3 d:/embadedd system 2/03-sdk/winavr/bin/../lib/gcc/avr/4.3.3/avr5\libgcc.a(_floatundisf.o)
 .debug_abbrev  0x0000021e      0x1ea d:/embadedd system 2/03-sdk/winavr/bin/../lib/gcc/avr/4.3.3/avr5\libgcc.a(_addsub_sf.o)
 .debug_abbrev  0x00000408      0x21b d:/embadedd system 2/03-sdk/winavr/bin/../lib/gcc/avr/4.3.3/avr5\libgcc.a(_mul_sf.o)
 .debug_abbrev  0x00000623      0x216 d:/embadedd system 2/03-sdk/winavr/bin/../lib/gcc/avr/4.3.3/avr5\libgcc.a(_div_sf.o)
 .debug_abbrev  0x00000839      0x15a d:/embadedd system 2/03-sdk/winavr/bin/../lib/gcc/avr/4.3.3/avr5\libgcc.a(_gt_sf.o)
 .debug_abbrev  0x00000993      0x15a d:/embadedd system 2/03-sdk/winavr/bin/../lib/gcc/avr/4.3.3/avr5\libgcc.a(_ge_sf.o)
 .debug_abbrev  0x00000aed      0x15a d:/embadedd system 2/03-sdk/winavr/bin/../lib/gcc/avr/4.3.3/avr5\libgcc.a(_lt_sf.o)
 .debug_abbrev  0x00000c47      0x148 d:/embadedd system 2/03-sdk/winavr/bin/../lib/gcc/avr/4.3.3/avr5\libgcc.a(_si_to_sf.o)
 .debug_abbrev  0x00000d8f      0x17f d:/embadedd system 2/03-sdk/winavr/bin/../lib/gcc/avr/4.3.3/avr5\libgcc.a(_sf_to_si.o)
 .debug_abbrev  0x00000f0e       0xad d:/embadedd system 2/03-sdk/winavr/bin/../lib/gcc/avr/4.3.3/avr5\libgcc.a(_thenan_sf.o)
 .debug_abbrev  0x00000fbb      0x157 d:/embadedd system 2/03-sdk/winavr/bin/../lib/gcc/avr/4.3.3/avr5\libgcc.a(_usi_to_sf.o)
 .debug_abbrev  0x00001112       0xee d:/embadedd system 2/03-sdk/winavr/bin/../lib/gcc/avr/4.3.3/avr5\libgcc.a(_lshrdi3.o)
 .debug_abbrev  0x00001200       0x6a d:/embadedd system 2/03-sdk/winavr/bin/../lib/gcc/avr/4.3.3/avr5\libgcc.a(_clz.o)
 .debug_abbrev  0x0000126a       0xc4 d:/embadedd system 2/03-sdk/winavr/bin/../lib/gcc/avr/4.3.3/avr5\libgcc.a(_clzsi2.o)
 .debug_abbrev  0x0000132e      0x1c0 d:/embadedd system 2/03-sdk/winavr/bin/../lib/gcc/avr/4.3.3/avr5\libgcc.a(_pack_sf.o)
 .debug_abbrev  0x000014ee      0x154 d:/embadedd system 2/03-sdk/winavr/bin/../lib/gcc/avr/4.3.3/avr5\libgcc.a(_unpack_sf.o)
 .debug_abbrev  0x00001642      0x13b d:/embadedd system 2/03-sdk/winavr/bin/../lib/gcc/avr/4.3.3/avr5\libgcc.a(_fpcmp_parts_sf.o)

.debug_line     0x00000000     0x15b6
 *(.debug_line)
 .debug_line    0x00000000       0xd7 d:/embadedd system 2/03-sdk/winavr/bin/../lib/gcc/avr/4.3.3/avr5\libgcc.a(_ashldi3.o)
 .debug_line    0x000000d7       0xa7 d:/embadedd system 2/03-sdk/winavr/bin/../lib/gcc/avr/4.3.3/avr5\libgcc.a(_fixunssfsi.o)
 .debug_line    0x0000017e       0xfd d:/embadedd system 2/03-sdk/winavr/bin/../lib/gcc/avr/4.3.3/avr5\libgcc.a(_floatundisf.o)
 .debug_line    0x0000027b      0x2af d:/embadedd system 2/03-sdk/winavr/bin/../lib/gcc/avr/4.3.3/avr5\libgcc.a(_addsub_sf.o)
 .debug_line    0x0000052a      0x239 d:/embadedd system 2/03-sdk/winavr/bin/../lib/gcc/avr/4.3.3/avr5\libgcc.a(_mul_sf.o)
 .debug_line    0x00000763      0x1d5 d:/embadedd system 2/03-sdk/winavr/bin/../lib/gcc/avr/4.3.3/avr5\libgcc.a(_div_sf.o)
 .debug_line    0x00000938       0xd3 d:/embadedd system 2/03-sdk/winavr/bin/../lib/gcc/avr/4.3.3/avr5\libgcc.a(_gt_sf.o)
 .debug_line    0x00000a0b       0xd3 d:/embadedd system 2/03-sdk/winavr/bin/../lib/gcc/avr/4.3.3/avr5\libgcc.a(_ge_sf.o)
 .debug_line    0x00000ade       0xd3 d:/embadedd system 2/03-sdk/winavr/bin/../lib/gcc/avr/4.3.3/avr5\libgcc.a(_lt_sf.o)
 .debug_line    0x00000bb1      0x135 d:/embadedd system 2/03-sdk/winavr/bin/../lib/gcc/avr/4.3.3/avr5\libgcc.a(_si_to_sf.o)
 .debug_line    0x00000ce6      0x109 d:/embadedd system 2/03-sdk/winavr/bin/../lib/gcc/avr/4.3.3/avr5\libgcc.a(_sf_to_si.o)
 .debug_line    0x00000def       0x90 d:/embadedd system 2/03-sdk/winavr/bin/../lib/gcc/avr/4.3.3/avr5\libgcc.a(_thenan_sf.o)
 .debug_line    0x00000e7f      0x133 d:/embadedd system 2/03-sdk/winavr/bin/../lib/gcc/avr/4.3.3/avr5\libgcc.a(_usi_to_sf.o)
 .debug_line    0x00000fb2       0xd7 d:/embadedd system 2/03-sdk/winavr/bin/../lib/gcc/avr/4.3.3/avr5\libgcc.a(_lshrdi3.o)
 .debug_line    0x00001089       0x7c d:/embadedd system 2/03-sdk/winavr/bin/../lib/gcc/avr/4.3.3/avr5\libgcc.a(_clz.o)
 .debug_line    0x00001105       0xa5 d:/embadedd system 2/03-sdk/winavr/bin/../lib/gcc/avr/4.3.3/avr5\libgcc.a(_clzsi2.o)
 .debug_line    0x000011aa      0x18a d:/embadedd system 2/03-sdk/winavr/bin/../lib/gcc/avr/4.3.3/avr5\libgcc.a(_pack_sf.o)
 .debug_line    0x00001334      0x14b d:/embadedd system 2/03-sdk/winavr/bin/../lib/gcc/avr/4.3.3/avr5\libgcc.a(_unpack_sf.o)
 .debug_line    0x0000147f      0x137 d:/embadedd system 2/03-sdk/winavr/bin/../lib/gcc/avr/4.3.3/avr5\libgcc.a(_fpcmp_parts_sf.o)

.debug_frame    0x00000000      0x240
 *(.debug_frame)
 .debug_frame   0x00000000       0x20 d:/embadedd system 2/03-sdk/winavr/bin/../lib/gcc/avr/4.3.3/avr5\libgcc.a(_ashldi3.o)
 .debug_frame   0x00000020       0x20 d:/embadedd system 2/03-sdk/winavr/bin/../lib/gcc/avr/4.3.3/avr5\libgcc.a(_fixunssfsi.o)
 .debug_frame   0x00000040       0x20 d:/embadedd system 2/03-sdk/winavr/bin/../lib/gcc/avr/4.3.3/avr5\libgcc.a(_floatundisf.o)
 .debug_frame   0x00000060       0x40 d:/embadedd system 2/03-sdk/winavr/bin/../lib/gcc/avr/4.3.3/avr5\libgcc.a(_addsub_sf.o)
 .debug_frame   0x000000a0       0x20 d:/embadedd system 2/03-sdk/winavr/bin/../lib/gcc/avr/4.3.3/avr5\libgcc.a(_mul_sf.o)
 .debug_frame   0x000000c0       0x20 d:/embadedd system 2/03-sdk/winavr/bin/../lib/gcc/avr/4.3.3/avr5\libgcc.a(_div_sf.o)
 .debug_frame   0x000000e0       0x20 d:/embadedd system 2/03-sdk/winavr/bin/../lib/gcc/avr/4.3.3/avr5\libgcc.a(_gt_sf.o)
 .debug_frame   0x00000100       0x20 d:/embadedd system 2/03-sdk/winavr/bin/../lib/gcc/avr/4.3.3/avr5\libgcc.a(_ge_sf.o)
 .debug_frame   0x00000120       0x20 d:/embadedd system 2/03-sdk/winavr/bin/../lib/gcc/avr/4.3.3/avr5\libgcc.a(_lt_sf.o)
 .debug_frame   0x00000140       0x20 d:/embadedd system 2/03-sdk/winavr/bin/../lib/gcc/avr/4.3.3/avr5\libgcc.a(_si_to_sf.o)
 .debug_frame   0x00000160       0x20 d:/embadedd system 2/03-sdk/winavr/bin/../lib/gcc/avr/4.3.3/avr5\libgcc.a(_sf_to_si.o)
 .debug_frame   0x00000180       0x20 d:/embadedd system 2/03-sdk/winavr/bin/../lib/gcc/avr/4.3.3/avr5\libgcc.a(_usi_to_sf.o)
 .debug_frame   0x000001a0       0x20 d:/embadedd system 2/03-sdk/winavr/bin/../lib/gcc/avr/4.3.3/avr5\libgcc.a(_lshrdi3.o)
 .debug_frame   0x000001c0       0x20 d:/embadedd system 2/03-sdk/winavr/bin/../lib/gcc/avr/4.3.3/avr5\libgcc.a(_clzsi2.o)
 .debug_frame   0x000001e0       0x20 d:/embadedd system 2/03-sdk/winavr/bin/../lib/gcc/avr/4.3.3/avr5\libgcc.a(_pack_sf.o)
 .debug_frame   0x00000200       0x20 d:/embadedd system 2/03-sdk/winavr/bin/../lib/gcc/avr/4.3.3/avr5\libgcc.a(_unpack_sf.o)
 .debug_frame   0x00000220       0x20 d:/embadedd system 2/03-sdk/winavr/bin/../lib/gcc/avr/4.3.3/avr5\libgcc.a(_fpcmp_parts_sf.o)

.debug_str      0x00000000      0x361
 *(.debug_str)
 .debug_str     0x00000000       0xdf d:/embadedd system 2/03-sdk/winavr/bin/../lib/gcc/avr/4.3.3/avr5\libgcc.a(_ashldi3.o)
                                0x131 (size before relaxing)
 .debug_str     0x000000df       0x14 d:/embadedd system 2/03-sdk/winavr/bin/../lib/gcc/avr/4.3.3/avr5\libgcc.a(_fixunssfsi.o)
                                 0xfe (size before relaxing)
 .debug_str     0x000000f3       0x39 d:/embadedd system 2/03-sdk/winavr/bin/../lib/gcc/avr/4.3.3/avr5\libgcc.a(_floatundisf.o)
                                0x12a (size before relaxing)
 .debug_str     0x0000012c      0x14d d:/embadedd system 2/03-sdk/winavr/bin/../lib/gcc/avr/4.3.3/avr5\libgcc.a(_addsub_sf.o)
                                0x206 (size before relaxing)
 .debug_str     0x00000279       0x27 d:/embadedd system 2/03-sdk/winavr/bin/../lib/gcc/avr/4.3.3/avr5\libgcc.a(_mul_sf.o)
                                0x1bf (size before relaxing)
 .debug_str     0x000002a0       0x35 d:/embadedd system 2/03-sdk/winavr/bin/../lib/gcc/avr/4.3.3/avr5\libgcc.a(_div_sf.o)
                                0x1c8 (size before relaxing)
 .debug_str     0x000002d5        0x8 d:/embadedd system 2/03-sdk/winavr/bin/../lib/gcc/avr/4.3.3/avr5\libgcc.a(_gt_sf.o)
                                0x195 (size before relaxing)
 .debug_str     0x000002dd        0x8 d:/embadedd system 2/03-sdk/winavr/bin/../lib/gcc/avr/4.3.3/avr5\libgcc.a(_ge_sf.o)
                                0x195 (size before relaxing)
 .debug_str     0x000002e5        0x8 d:/embadedd system 2/03-sdk/winavr/bin/../lib/gcc/avr/4.3.3/avr5\libgcc.a(_lt_sf.o)
                                0x195 (size before relaxing)
 .debug_str     0x000002ed       0x18 d:/embadedd system 2/03-sdk/winavr/bin/../lib/gcc/avr/4.3.3/avr5\libgcc.a(_si_to_sf.o)
                                0x17b (size before relaxing)
 .debug_str     0x00000305        0xa d:/embadedd system 2/03-sdk/winavr/bin/../lib/gcc/avr/4.3.3/avr5\libgcc.a(_sf_to_si.o)
                                0x19e (size before relaxing)
 .debug_str     0x00000000      0x103 d:/embadedd system 2/03-sdk/winavr/bin/../lib/gcc/avr/4.3.3/avr5\libgcc.a(_thenan_sf.o)
 .debug_str     0x0000030f       0x14 d:/embadedd system 2/03-sdk/winavr/bin/../lib/gcc/avr/4.3.3/avr5\libgcc.a(_usi_to_sf.o)
                                0x177 (size before relaxing)
 .debug_str     0x00000323        0xa d:/embadedd system 2/03-sdk/winavr/bin/../lib/gcc/avr/4.3.3/avr5\libgcc.a(_lshrdi3.o)
                                0x131 (size before relaxing)
 .debug_str     0x00000000       0xf4 d:/embadedd system 2/03-sdk/winavr/bin/../lib/gcc/avr/4.3.3/avr5\libgcc.a(_clz.o)
 .debug_str     0x0000032d        0x9 d:/embadedd system 2/03-sdk/winavr/bin/../lib/gcc/avr/4.3.3/avr5\libgcc.a(_clzsi2.o)
                                0x111 (size before relaxing)
 .debug_str     0x00000336       0x10 d:/embadedd system 2/03-sdk/winavr/bin/../lib/gcc/avr/4.3.3/avr5\libgcc.a(_pack_sf.o)
                                0x19d (size before relaxing)
 .debug_str     0x00000346        0xb d:/embadedd system 2/03-sdk/winavr/bin/../lib/gcc/avr/4.3.3/avr5\libgcc.a(_unpack_sf.o)
                                0x17f (size before relaxing)
 .debug_str     0x00000351       0x10 d:/embadedd system 2/03-sdk/winavr/bin/../lib/gcc/avr/4.3.3/avr5\libgcc.a(_fpcmp_parts_sf.o)
                                0x163 (size before relaxing)

.debug_loc      0x00000000      0xdf4
 *(.debug_loc)
 .debug_loc     0x00000000       0xf8 d:/embadedd system 2/03-sdk/winavr/bin/../lib/gcc/avr/4.3.3/avr5\libgcc.a(_ashldi3.o)
 .debug_loc     0x000000f8       0x34 d:/embadedd system 2/03-sdk/winavr/bin/../lib/gcc/avr/4.3.3/avr5\libgcc.a(_fixunssfsi.o)
 .debug_loc     0x0000012c      0x1ea d:/embadedd system 2/03-sdk/winavr/bin/../lib/gcc/avr/4.3.3/avr5\libgcc.a(_floatundisf.o)
 .debug_loc     0x00000316      0x32a d:/embadedd system 2/03-sdk/winavr/bin/../lib/gcc/avr/4.3.3/avr5\libgcc.a(_addsub_sf.o)
 .debug_loc     0x00000640      0x104 d:/embadedd system 2/03-sdk/winavr/bin/../lib/gcc/avr/4.3.3/avr5\libgcc.a(_mul_sf.o)
 .debug_loc     0x00000744       0xc0 d:/embadedd system 2/03-sdk/winavr/bin/../lib/gcc/avr/4.3.3/avr5\libgcc.a(_div_sf.o)
 .debug_loc     0x00000804       0x3c d:/embadedd system 2/03-sdk/winavr/bin/../lib/gcc/avr/4.3.3/avr5\libgcc.a(_gt_sf.o)
 .debug_loc     0x00000840       0x3c d:/embadedd system 2/03-sdk/winavr/bin/../lib/gcc/avr/4.3.3/avr5\libgcc.a(_ge_sf.o)
 .debug_loc     0x0000087c       0x3c d:/embadedd system 2/03-sdk/winavr/bin/../lib/gcc/avr/4.3.3/avr5\libgcc.a(_lt_sf.o)
 .debug_loc     0x000008b8       0xac d:/embadedd system 2/03-sdk/winavr/bin/../lib/gcc/avr/4.3.3/avr5\libgcc.a(_si_to_sf.o)
 .debug_loc     0x00000964       0x7e d:/embadedd system 2/03-sdk/winavr/bin/../lib/gcc/avr/4.3.3/avr5\libgcc.a(_sf_to_si.o)
 .debug_loc     0x000009e2       0x4c d:/embadedd system 2/03-sdk/winavr/bin/../lib/gcc/avr/4.3.3/avr5\libgcc.a(_usi_to_sf.o)
 .debug_loc     0x00000a2e       0xf8 d:/embadedd system 2/03-sdk/winavr/bin/../lib/gcc/avr/4.3.3/avr5\libgcc.a(_lshrdi3.o)
 .debug_loc     0x00000b26       0x94 d:/embadedd system 2/03-sdk/winavr/bin/../lib/gcc/avr/4.3.3/avr5\libgcc.a(_clzsi2.o)
 .debug_loc     0x00000bba      0x13e d:/embadedd system 2/03-sdk/winavr/bin/../lib/gcc/avr/4.3.3/avr5\libgcc.a(_pack_sf.o)
 .debug_loc     0x00000cf8       0xac d:/embadedd system 2/03-sdk/winavr/bin/../lib/gcc/avr/4.3.3/avr5\libgcc.a(_unpack_sf.o)
 .debug_loc     0x00000da4       0x50 d:/embadedd system 2/03-sdk/winavr/bin/../lib/gcc/avr/4.3.3/avr5\libgcc.a(_fpcmp_parts_sf.o)

.debug_macinfo
 *(.debug_macinfo)
OUTPUT(CarEmbedded.elf elf32-avr)
LOAD linker stubs

.debug_ranges   0x00000000       0x50
 .debug_ranges  0x00000000       0x50 d:/embadedd system 2/03-sdk/winavr/bin/../lib/gcc/avr/4.3.3/avr5\libgcc.a(_mul_sf.o)
