Archive member included because of file (symbol)

d:/embadedd system 2/03-sdk/winavr/bin/../lib/gcc/avr/4.3.3/avr5\libgcc.a(_udivmodhi4.o)
                              ./MCAL_DRIVERS/TIMER_PRG.o (__udivmodhi4)
d:/embadedd system 2/03-sdk/winavr/bin/../lib/gcc/avr/4.3.3/avr5\libgcc.a(_exit.o)
                              d:/embadedd system 2/03-sdk/winavr/bin/../lib/gcc/avr/4.3.3/../../../../avr/lib/avr5/crtm32.o (exit)
d:/embadedd system 2/03-sdk/winavr/bin/../lib/gcc/avr/4.3.3/avr5\libgcc.a(_copy_data.o)
                              ./MCAL_DRIVERS/EX_INT_prg.o (__do_copy_data)
d:/embadedd system 2/03-sdk/winavr/bin/../lib/gcc/avr/4.3.3/avr5\libgcc.a(_clear_bss.o)
                              ./MCAL_DRIVERS/EX_INT_prg.o (__do_clear_bss)
d:/embadedd system 2/03-sdk/winavr/bin/../lib/gcc/avr/4.3.3/avr5\libgcc.a(_fixunssfsi.o)
                              ./MCAL_DRIVERS/TIMER_PRG.o (__fixunssfsi)
d:/embadedd system 2/03-sdk/winavr/bin/../lib/gcc/avr/4.3.3/avr5\libgcc.a(_addsub_sf.o)
                              d:/embadedd system 2/03-sdk/winavr/bin/../lib/gcc/avr/4.3.3/avr5\libgcc.a(_fixunssfsi.o) (__subsf3)
d:/embadedd system 2/03-sdk/winavr/bin/../lib/gcc/avr/4.3.3/avr5\libgcc.a(_mul_sf.o)
                              ./MCAL_DRIVERS/TIMER_PRG.o (__mulsf3)
d:/embadedd system 2/03-sdk/winavr/bin/../lib/gcc/avr/4.3.3/avr5\libgcc.a(_div_sf.o)
                              ./HAL_DRIVERS/UltraSonic_Prg.o (__divsf3)
d:/embadedd system 2/03-sdk/winavr/bin/../lib/gcc/avr/4.3.3/avr5\libgcc.a(_gt_sf.o)
                              ./HAL_DRIVERS/Servo_Prg.o (__gtsf2)
d:/embadedd system 2/03-sdk/winavr/bin/../lib/gcc/avr/4.3.3/avr5\libgcc.a(_ge_sf.o)
                              d:/embadedd system 2/03-sdk/winavr/bin/../lib/gcc/avr/4.3.3/avr5\libgcc.a(_fixunssfsi.o) (__gesf2)
d:/embadedd system 2/03-sdk/winavr/bin/../lib/gcc/avr/4.3.3/avr5\libgcc.a(_lt_sf.o)
                              ./HAL_DRIVERS/Servo_Prg.o (__ltsf2)
d:/embadedd system 2/03-sdk/winavr/bin/../lib/gcc/avr/4.3.3/avr5\libgcc.a(_sf_to_si.o)
                              d:/embadedd system 2/03-sdk/winavr/bin/../lib/gcc/avr/4.3.3/avr5\libgcc.a(_fixunssfsi.o) (__fixsfsi)
d:/embadedd system 2/03-sdk/winavr/bin/../lib/gcc/avr/4.3.3/avr5\libgcc.a(_thenan_sf.o)
                              d:/embadedd system 2/03-sdk/winavr/bin/../lib/gcc/avr/4.3.3/avr5\libgcc.a(_addsub_sf.o) (__thenan_sf)
d:/embadedd system 2/03-sdk/winavr/bin/../lib/gcc/avr/4.3.3/avr5\libgcc.a(_usi_to_sf.o)
                              ./HAL_DRIVERS/UltraSonic_Prg.o (__floatunsisf)
d:/embadedd system 2/03-sdk/winavr/bin/../lib/gcc/avr/4.3.3/avr5\libgcc.a(_prologue.o)
                              d:/embadedd system 2/03-sdk/winavr/bin/../lib/gcc/avr/4.3.3/avr5\libgcc.a(_addsub_sf.o) (__prologue_saves__)
d:/embadedd system 2/03-sdk/winavr/bin/../lib/gcc/avr/4.3.3/avr5\libgcc.a(_epilogue.o)
                              d:/embadedd system 2/03-sdk/winavr/bin/../lib/gcc/avr/4.3.3/avr5\libgcc.a(_addsub_sf.o) (__epilogue_restores__)
d:/embadedd system 2/03-sdk/winavr/bin/../lib/gcc/avr/4.3.3/avr5\libgcc.a(_clzsi2.o)
                              d:/embadedd system 2/03-sdk/winavr/bin/../lib/gcc/avr/4.3.3/avr5\libgcc.a(_usi_to_sf.o) (__clzsi2)
d:/embadedd system 2/03-sdk/winavr/bin/../lib/gcc/avr/4.3.3/avr5\libgcc.a(_pack_sf.o)
                              d:/embadedd system 2/03-sdk/winavr/bin/../lib/gcc/avr/4.3.3/avr5\libgcc.a(_addsub_sf.o) (__pack_f)
d:/embadedd system 2/03-sdk/winavr/bin/../lib/gcc/avr/4.3.3/avr5\libgcc.a(_unpack_sf.o)
                              d:/embadedd system 2/03-sdk/winavr/bin/../lib/gcc/avr/4.3.3/avr5\libgcc.a(_addsub_sf.o) (__unpack_f)
d:/embadedd system 2/03-sdk/winavr/bin/../lib/gcc/avr/4.3.3/avr5\libgcc.a(_fpcmp_parts_sf.o)
                              d:/embadedd system 2/03-sdk/winavr/bin/../lib/gcc/avr/4.3.3/avr5\libgcc.a(_gt_sf.o) (__fpcmp_parts_f)
d:/embadedd system 2/03-sdk/winavr/bin/../lib/gcc/avr/4.3.3/avr5\libgcc.a(_clz.o)
                              d:/embadedd system 2/03-sdk/winavr/bin/../lib/gcc/avr/4.3.3/avr5\libgcc.a(_clzsi2.o) (__clz_tab)

Memory Configuration

Name             Origin             Length             Attributes
text             0x00000000         0x00020000         xr
data             0x00800060         0x0000ffa0         rw !x
eeprom           0x00810000         0x00010000         rw !x
fuse             0x00820000         0x00000400         rw !x
lock             0x00830000         0x00000400         rw !x
signature        0x00840000         0x00000400         rw !x
*default*        0x00000000         0xffffffff

Linker script and memory map

LOAD d:/embadedd system 2/03-sdk/winavr/bin/../lib/gcc/avr/4.3.3/../../../../avr/lib/avr5/crtm32.o
LOAD ./MCAL_DRIVERS/DIO_prg.o
LOAD ./MCAL_DRIVERS/EX_INT_prg.o
LOAD ./MCAL_DRIVERS/INTERRUPT_prg.o
LOAD ./MCAL_DRIVERS/TIMER_PRG.o
LOAD ./MCAL_DRIVERS/UART_Prg.o
LOAD ./HAL_DRIVERS/BlueTooth_prg.o
LOAD ./HAL_DRIVERS/DCMOTOR_PRG.o
LOAD ./HAL_DRIVERS/Servo_Prg.o
LOAD ./HAL_DRIVERS/UltraSonic_Prg.o
LOAD ./APP_DRIVER/MultipleTasksCar_Prg.o
LOAD ./main.o
LOAD d:/embadedd system 2/03-sdk/winavr/bin/../lib/gcc/avr/4.3.3/avr5\libgcc.a
LOAD d:/embadedd system 2/03-sdk/winavr/bin/../lib/gcc/avr/4.3.3/../../../../avr/lib/avr5\libc.a
LOAD d:/embadedd system 2/03-sdk/winavr/bin/../lib/gcc/avr/4.3.3/avr5\libgcc.a

.hash
 *(.hash)

.dynsym
 *(.dynsym)

.dynstr
 *(.dynstr)

.gnu.version
 *(.gnu.version)

.gnu.version_d
 *(.gnu.version_d)

.gnu.version_r
 *(.gnu.version_r)

.rel.init
 *(.rel.init)

.rela.init
 *(.rela.init)

.rel.text
 *(.rel.text)
 *(.rel.text.*)
 *(.rel.gnu.linkonce.t*)

.rela.text
 *(.rela.text)
 *(.rela.text.*)
 *(.rela.gnu.linkonce.t*)

.rel.fini
 *(.rel.fini)

.rela.fini
 *(.rela.fini)

.rel.rodata
 *(.rel.rodata)
 *(.rel.rodata.*)
 *(.rel.gnu.linkonce.r*)

.rela.rodata
 *(.rela.rodata)
 *(.rela.rodata.*)
 *(.rela.gnu.linkonce.r*)

.rel.data
 *(.rel.data)
 *(.rel.data.*)
 *(.rel.gnu.linkonce.d*)

.rela.data
 *(.rela.data)
 *(.rela.data.*)
 *(.rela.gnu.linkonce.d*)

.rel.ctors
 *(.rel.ctors)

.rela.ctors
 *(.rela.ctors)

.rel.dtors
 *(.rel.dtors)

.rela.dtors
 *(.rela.dtors)

.rel.got
 *(.rel.got)

.rela.got
 *(.rela.got)

.rel.bss
 *(.rel.bss)

.rela.bss
 *(.rela.bss)

.rel.plt
 *(.rel.plt)

.rela.plt
 *(.rela.plt)

.text           0x00000000     0x4216
 *(.vectors)
 .vectors       0x00000000       0x54 d:/embadedd system 2/03-sdk/winavr/bin/../lib/gcc/avr/4.3.3/../../../../avr/lib/avr5/crtm32.o
                0x00000000                __vectors
                0x00000000                __vector_default
 *(.vectors)
 *(.progmem.gcc*)
 *(.progmem*)
                0x00000054                . = ALIGN (0x2)
                0x00000054                __trampolines_start = .
 *(.trampolines)
 .trampolines   0x00000054        0x0 linker stubs
 *(.trampolines*)
                0x00000054                __trampolines_end = .
 *(.jumptables)
 *(.jumptables*)
 *(.lowtext)
 *(.lowtext*)
                0x00000054                __ctors_start = .
 *(.ctors)
                0x00000054                __ctors_end = .
                0x00000054                __dtors_start = .
 *(.dtors)
                0x00000054                __dtors_end = .
 SORT(*)(.ctors)
 SORT(*)(.dtors)
 *(.init0)
 .init0         0x00000054        0x0 d:/embadedd system 2/03-sdk/winavr/bin/../lib/gcc/avr/4.3.3/../../../../avr/lib/avr5/crtm32.o
                0x00000054                __init
 *(.init0)
 *(.init1)
 *(.init1)
 *(.init2)
 .init2         0x00000054        0xc d:/embadedd system 2/03-sdk/winavr/bin/../lib/gcc/avr/4.3.3/../../../../avr/lib/avr5/crtm32.o
 *(.init2)
 *(.init3)
 *(.init3)
 *(.init4)
 .init4         0x00000060       0x16 d:/embadedd system 2/03-sdk/winavr/bin/../lib/gcc/avr/4.3.3/avr5\libgcc.a(_copy_data.o)
                0x00000060                __do_copy_data
 .init4         0x00000076       0x10 d:/embadedd system 2/03-sdk/winavr/bin/../lib/gcc/avr/4.3.3/avr5\libgcc.a(_clear_bss.o)
                0x00000076                __do_clear_bss
 *(.init4)
 *(.init5)
 *(.init5)
 *(.init6)
 *(.init6)
 *(.init7)
 *(.init7)
 *(.init8)
 *(.init8)
 *(.init9)
 .init9         0x00000086        0x8 d:/embadedd system 2/03-sdk/winavr/bin/../lib/gcc/avr/4.3.3/../../../../avr/lib/avr5/crtm32.o
 *(.init9)
 *(.text)
 .text          0x0000008e        0x4 d:/embadedd system 2/03-sdk/winavr/bin/../lib/gcc/avr/4.3.3/../../../../avr/lib/avr5/crtm32.o
                0x0000008e                __vector_12
                0x0000008e                __bad_interrupt
                0x0000008e                __vector_13
                0x0000008e                __vector_17
                0x0000008e                __vector_19
                0x0000008e                __vector_7
                0x0000008e                __vector_4
                0x0000008e                __vector_15
                0x0000008e                __vector_8
                0x0000008e                __vector_14
                0x0000008e                __vector_10
                0x0000008e                __vector_16
                0x0000008e                __vector_18
                0x0000008e                __vector_20
 .text          0x00000092        0x0 ./MCAL_DRIVERS/DIO_prg.o
 .text          0x00000092        0x0 ./MCAL_DRIVERS/EX_INT_prg.o
 .text          0x00000092        0x0 ./MCAL_DRIVERS/INTERRUPT_prg.o
 .text          0x00000092        0x0 ./MCAL_DRIVERS/TIMER_PRG.o
 .text          0x00000092        0x0 ./MCAL_DRIVERS/UART_Prg.o
 .text          0x00000092        0x0 ./HAL_DRIVERS/BlueTooth_prg.o
 .text          0x00000092        0x0 ./HAL_DRIVERS/DCMOTOR_PRG.o
 .text          0x00000092        0x0 ./HAL_DRIVERS/Servo_Prg.o
 .text          0x00000092        0x0 ./HAL_DRIVERS/UltraSonic_Prg.o
 .text          0x00000092        0x0 ./APP_DRIVER/MultipleTasksCar_Prg.o
 .text          0x00000092        0x0 ./main.o
 .text          0x00000092        0x0 d:/embadedd system 2/03-sdk/winavr/bin/../lib/gcc/avr/4.3.3/avr5\libgcc.a(_udivmodhi4.o)
 .text          0x00000092        0x0 d:/embadedd system 2/03-sdk/winavr/bin/../lib/gcc/avr/4.3.3/avr5\libgcc.a(_exit.o)
 .text          0x00000092        0x0 d:/embadedd system 2/03-sdk/winavr/bin/../lib/gcc/avr/4.3.3/avr5\libgcc.a(_copy_data.o)
 .text          0x00000092        0x0 d:/embadedd system 2/03-sdk/winavr/bin/../lib/gcc/avr/4.3.3/avr5\libgcc.a(_clear_bss.o)
 .text          0x00000092       0x58 d:/embadedd system 2/03-sdk/winavr/bin/../lib/gcc/avr/4.3.3/avr5\libgcc.a(_fixunssfsi.o)
                0x00000092                __fixunssfsi
 .text          0x000000ea      0x354 d:/embadedd system 2/03-sdk/winavr/bin/../lib/gcc/avr/4.3.3/avr5\libgcc.a(_addsub_sf.o)
                0x00000382                __subsf3
                0x000003e4                __addsf3
 .text          0x0000043e      0x1f4 d:/embadedd system 2/03-sdk/winavr/bin/../lib/gcc/avr/4.3.3/avr5\libgcc.a(_mul_sf.o)
                0x0000043e                __mulsf3
 .text          0x00000632      0x158 d:/embadedd system 2/03-sdk/winavr/bin/../lib/gcc/avr/4.3.3/avr5\libgcc.a(_div_sf.o)
                0x00000632                __divsf3
 .text          0x0000078a       0x60 d:/embadedd system 2/03-sdk/winavr/bin/../lib/gcc/avr/4.3.3/avr5\libgcc.a(_gt_sf.o)
                0x0000078a                __gtsf2
 .text          0x000007ea       0x60 d:/embadedd system 2/03-sdk/winavr/bin/../lib/gcc/avr/4.3.3/avr5\libgcc.a(_ge_sf.o)
                0x000007ea                __gesf2
 .text          0x0000084a       0x60 d:/embadedd system 2/03-sdk/winavr/bin/../lib/gcc/avr/4.3.3/avr5\libgcc.a(_lt_sf.o)
                0x0000084a                __ltsf2
 .text          0x000008aa       0xa8 d:/embadedd system 2/03-sdk/winavr/bin/../lib/gcc/avr/4.3.3/avr5\libgcc.a(_sf_to_si.o)
                0x000008aa                __fixsfsi
 .text          0x00000952        0x0 d:/embadedd system 2/03-sdk/winavr/bin/../lib/gcc/avr/4.3.3/avr5\libgcc.a(_thenan_sf.o)
 .text          0x00000952       0xf2 d:/embadedd system 2/03-sdk/winavr/bin/../lib/gcc/avr/4.3.3/avr5\libgcc.a(_usi_to_sf.o)
                0x00000952                __floatunsisf
 .text          0x00000a44        0x0 d:/embadedd system 2/03-sdk/winavr/bin/../lib/gcc/avr/4.3.3/avr5\libgcc.a(_prologue.o)
 .text          0x00000a44        0x0 d:/embadedd system 2/03-sdk/winavr/bin/../lib/gcc/avr/4.3.3/avr5\libgcc.a(_epilogue.o)
 .text          0x00000a44       0x9e d:/embadedd system 2/03-sdk/winavr/bin/../lib/gcc/avr/4.3.3/avr5\libgcc.a(_clzsi2.o)
                0x00000a44                __clzsi2
 .text          0x00000ae2      0x1aa d:/embadedd system 2/03-sdk/winavr/bin/../lib/gcc/avr/4.3.3/avr5\libgcc.a(_pack_sf.o)
                0x00000ae2                __pack_f
 .text          0x00000c8c       0xf0 d:/embadedd system 2/03-sdk/winavr/bin/../lib/gcc/avr/4.3.3/avr5\libgcc.a(_unpack_sf.o)
                0x00000c8c                __unpack_f
 .text          0x00000d7c       0xb2 d:/embadedd system 2/03-sdk/winavr/bin/../lib/gcc/avr/4.3.3/avr5\libgcc.a(_fpcmp_parts_sf.o)
                0x00000d7c                __fpcmp_parts_f
 .text          0x00000e2e        0x0 d:/embadedd system 2/03-sdk/winavr/bin/../lib/gcc/avr/4.3.3/avr5\libgcc.a(_clz.o)
                0x00000e2e                . = ALIGN (0x2)
 *(.text.*)
 .text.DIO_VidSetPinDirection
                0x00000e2e      0x200 ./MCAL_DRIVERS/DIO_prg.o
                0x00000e2e                DIO_VidSetPinDirection
 .text.DIO_VidSetPortDirection
                0x0000102e       0x82 ./MCAL_DRIVERS/DIO_prg.o
                0x0000102e                DIO_VidSetPortDirection
 .text.DIO_VidSetPinValue
                0x000010b0      0x200 ./MCAL_DRIVERS/DIO_prg.o
                0x000010b0                DIO_VidSetPinValue
 .text.DIO_VidSetPortValue
                0x000012b0       0x82 ./MCAL_DRIVERS/DIO_prg.o
                0x000012b0                DIO_VidSetPortValue
 .text.DIO_VidTogglePinValue
                0x00001332       0xfa ./MCAL_DRIVERS/DIO_prg.o
                0x00001332                DIO_VidTogglePinValue
 .text.DIO_U8GetPinValue
                0x0000142c      0x104 ./MCAL_DRIVERS/DIO_prg.o
                0x0000142c                DIO_U8GetPinValue
 .text.EX_INT_VidSetCallBack
                0x00001530       0x72 ./MCAL_DRIVERS/EX_INT_prg.o
                0x00001530                EX_INT_VidSetCallBack
 .text.EX_INT_VidINIT
                0x000015a2       0xb8 ./MCAL_DRIVERS/EX_INT_prg.o
                0x000015a2                EX_INT_VidINIT
 .text.EX_PIE_VidEnable
                0x0000165a       0x6e ./MCAL_DRIVERS/EX_INT_prg.o
                0x0000165a                EX_PIE_VidEnable
 .text.EX_PIE_VidDisable
                0x000016c8       0x6e ./MCAL_DRIVERS/EX_INT_prg.o
                0x000016c8                EX_PIE_VidDisable
 .text.__vector_1
                0x00001736       0x5a ./MCAL_DRIVERS/EX_INT_prg.o
                0x00001736                __vector_1
 .text.__vector_2
                0x00001790       0x5a ./MCAL_DRIVERS/EX_INT_prg.o
                0x00001790                __vector_2
 .text.__vector_3
                0x000017ea       0x5a ./MCAL_DRIVERS/EX_INT_prg.o
                0x000017ea                __vector_3
 .text.EX_INT_VidSetEdge
                0x00001844      0x1e2 ./MCAL_DRIVERS/EX_INT_prg.o
                0x00001844                EX_INT_VidSetEdge
 .text.GIE_VidEnable
                0x00001a26       0x1c ./MCAL_DRIVERS/INTERRUPT_prg.o
                0x00001a26                GIE_VidEnable
 .text.GIE_VidDisable
                0x00001a42       0x1c ./MCAL_DRIVERS/INTERRUPT_prg.o
                0x00001a42                GIE_VidDisable
 .text.TIMER_VidSetCallBack
                0x00001a5e       0x72 ./MCAL_DRIVERS/TIMER_PRG.o
                0x00001a5e                TIMER_VidSetCallBack
 .text.TIMER0_VidInitialize
                0x00001ad0       0x30 ./MCAL_DRIVERS/TIMER_PRG.o
                0x00001ad0                TIMER0_VidInitialize
 .text.TIMER1_VidInitialize
                0x00001b00      0x25c ./MCAL_DRIVERS/TIMER_PRG.o
                0x00001b00                TIMER1_VidInitialize
 .text.TIMER1_VidSetOCR1A
                0x00001d5c       0x2e ./MCAL_DRIVERS/TIMER_PRG.o
                0x00001d5c                TIMER1_VidSetOCR1A
 .text.TIMER1_VidSetOCR1B
                0x00001d8a       0x2e ./MCAL_DRIVERS/TIMER_PRG.o
                0x00001d8a                TIMER1_VidSetOCR1B
 .text.TIMER1_VidSetICR1
                0x00001db8       0x2e ./MCAL_DRIVERS/TIMER_PRG.o
                0x00001db8                TIMER1_VidSetICR1
 .text.Timer1Icu_init
                0x00001de6       0x54 ./MCAL_DRIVERS/TIMER_PRG.o
                0x00001de6                Timer1Icu_init
 .text.Timer1Icu_setCallBack
                0x00001e3a       0x24 ./MCAL_DRIVERS/TIMER_PRG.o
                0x00001e3a                Timer1Icu_setCallBack
 .text.Timer1Icu_setEdgeDetectionType
                0x00001e5e       0x3e ./MCAL_DRIVERS/TIMER_PRG.o
                0x00001e5e                Timer1Icu_setEdgeDetectionType
 .text.Timer1Icu_getInputCaptureValue
                0x00001e9c       0x16 ./MCAL_DRIVERS/TIMER_PRG.o
                0x00001e9c                Timer1Icu_getInputCaptureValue
 .text.Timer1Icu_clearTimerValue
                0x00001eb2       0x16 ./MCAL_DRIVERS/TIMER_PRG.o
                0x00001eb2                Timer1Icu_clearTimerValue
 .text.TIMER2_VidInitialize
                0x00001ec8       0x96 ./MCAL_DRIVERS/TIMER_PRG.o
                0x00001ec8                TIMER2_VidInitialize
 .text.Timer2_VidSETDUTY
                0x00001f5e       0x4c ./MCAL_DRIVERS/TIMER_PRG.o
                0x00001f5e                Timer2_VidSETDUTY
 .text.__vector_11
                0x00001faa       0x5a ./MCAL_DRIVERS/TIMER_PRG.o
                0x00001faa                __vector_11
 .text.__vector_5
                0x00002004       0xf4 ./MCAL_DRIVERS/TIMER_PRG.o
                0x00002004                __vector_5
 .text.__vector_9
                0x000020f8       0x20 ./MCAL_DRIVERS/TIMER_PRG.o
                0x000020f8                __vector_9
 .text.__vector_6
                0x00002118       0x66 ./MCAL_DRIVERS/TIMER_PRG.o
                0x00002118                __vector_6
 .text.UART_VidInit
                0x0000217e       0x94 ./MCAL_DRIVERS/UART_Prg.o
                0x0000217e                UART_VidInit
 .text.UART_VidSendData
                0x00002212       0x34 ./MCAL_DRIVERS/UART_Prg.o
                0x00002212                UART_VidSendData
 .text.UART_VidRecieveData
                0x00002246       0x1e ./MCAL_DRIVERS/UART_Prg.o
                0x00002246                UART_VidRecieveData
 .text.UART_VidSendString
                0x00002264       0x52 ./MCAL_DRIVERS/UART_Prg.o
                0x00002264                UART_VidSendString
 .text.BluetoothInit
                0x000022b6       0x12 ./HAL_DRIVERS/BlueTooth_prg.o
                0x000022b6                BluetoothInit
 .text.Bluetooth_U32Getnumber
                0x000022c8       0x16 ./HAL_DRIVERS/BlueTooth_prg.o
                0x000022c8                Bluetooth_U32Getnumber
 .text.Bluetooth_VidSendData
                0x000022de       0x1a ./HAL_DRIVERS/BlueTooth_prg.o
                0x000022de                Bluetooth_VidSendData
 .text.BluetoothVidSendString
                0x000022f8       0x20 ./HAL_DRIVERS/BlueTooth_prg.o
                0x000022f8                BluetoothVidSendString
 .text.DcMotor_VidInit
                0x00002318       0x5e ./HAL_DRIVERS/DCMOTOR_PRG.o
                0x00002318                DcMotor_VidInit
 .text.DcMotor_VidRotate_Wheels1
                0x00002376       0x80 ./HAL_DRIVERS/DCMOTOR_PRG.o
                0x00002376                DcMotor_VidRotate_Wheels1
 .text.DcMotor_VidRotate_Wheels2
                0x000023f6       0x80 ./HAL_DRIVERS/DCMOTOR_PRG.o
                0x000023f6                DcMotor_VidRotate_Wheels2
 .text.SERVO_VidInitOCR1A
                0x00002476       0x22 ./HAL_DRIVERS/Servo_Prg.o
                0x00002476                SERVO_VidInitOCR1A
 .text.SERVO_VidInitOCR1B
                0x00002498       0x22 ./HAL_DRIVERS/Servo_Prg.o
                0x00002498                SERVO_VidInitOCR1B
 .text.ServoSetAngleOCR1A
                0x000024ba       0x28 ./HAL_DRIVERS/Servo_Prg.o
                0x000024ba                ServoSetAngleOCR1A
 .text.ServoSetAngleOCR1B
                0x000024e2       0x28 ./HAL_DRIVERS/Servo_Prg.o
                0x000024e2                ServoSetAngleOCR1B
 .text.SetAngleOfServo
                0x0000250a      0x260 ./HAL_DRIVERS/Servo_Prg.o
                0x0000250a                SetAngleOfServo
 .text.Ultrasonic_edgeProcessing
                0x0000276a       0x4e ./HAL_DRIVERS/UltraSonic_Prg.o
 .text.Ultrasonic_Trigger
                0x000027b8      0x1b6 ./HAL_DRIVERS/UltraSonic_Prg.o
 .text.Ultrasonic_init
                0x0000296e       0x3c ./HAL_DRIVERS/UltraSonic_Prg.o
                0x0000296e                Ultrasonic_init
 .text.Ultrasonic_readDistance
                0x000029aa       0x70 ./HAL_DRIVERS/UltraSonic_Prg.o
                0x000029aa                Ultrasonic_readDistance
 .text.MultipleTasksCar_VidInit
                0x00002a1a       0x3a ./APP_DRIVER/MultipleTasksCar_Prg.o
                0x00002a1a                MultipleTasksCar_VidInit
 .text.MultipleTasksCar_SetCarVelocity
                0x00002a54       0x78 ./APP_DRIVER/MultipleTasksCar_Prg.o
                0x00002a54                MultipleTasksCar_SetCarVelocity
 .text.DraftMultipleTasksCar_GetDirections
                0x00002acc      0x482 ./APP_DRIVER/MultipleTasksCar_Prg.o
                0x00002acc                DraftMultipleTasksCar_GetDirections
 .text.MultipleTasksCar_GetDirections
                0x00002f4e       0xac ./APP_DRIVER/MultipleTasksCar_Prg.o
                0x00002f4e                MultipleTasksCar_GetDirections
 .text.MultipleTasksCar_DCMotorVelocity
                0x00002ffa       0x1a ./APP_DRIVER/MultipleTasksCar_Prg.o
                0x00002ffa                MultipleTasksCar_DCMotorVelocity
 .text.MultipleTasksCar_GetMode
                0x00003014       0x12 ./APP_DRIVER/MultipleTasksCar_Prg.o
                0x00003014                MultipleTasksCar_GetMode
 .text.MultipleTasksCar_LineFollower
                0x00003026       0x82 ./APP_DRIVER/MultipleTasksCar_Prg.o
                0x00003026                MultipleTasksCar_LineFollower
 .text.MultipleTasksCar_UltraSonic
                0x000030a8      0x2ac ./APP_DRIVER/MultipleTasksCar_Prg.o
                0x000030a8                MultipleTasksCar_UltraSonic
 .text.UltraSonicRightAction
                0x00003354      0x224 ./APP_DRIVER/MultipleTasksCar_Prg.o
                0x00003354                UltraSonicRightAction
 .text.UltraSonicLeftAction
                0x00003578      0x224 ./APP_DRIVER/MultipleTasksCar_Prg.o
                0x00003578                UltraSonicLeftAction
 .text.UltraSonicStopAction
                0x0000379c      0x122 ./APP_DRIVER/MultipleTasksCar_Prg.o
                0x0000379c                UltraSonicStopAction
 .text.MultipleTasksCar_MapLine
                0x000038be      0x1d0 ./APP_DRIVER/MultipleTasksCar_Prg.o
                0x000038be                MultipleTasksCar_MapLine
 .text.MultipleTasksCar_RightAction
                0x00003a8e      0x212 ./APP_DRIVER/MultipleTasksCar_Prg.o
                0x00003a8e                MultipleTasksCar_RightAction
 .text.MultipleTasksCar_LeftAction
                0x00003ca0      0x212 ./APP_DRIVER/MultipleTasksCar_Prg.o
                0x00003ca0                MultipleTasksCar_LeftAction
 .text.MultipleTasksCar_TurnBack
                0x00003eb2      0x122 ./APP_DRIVER/MultipleTasksCar_Prg.o
                0x00003eb2                MultipleTasksCar_TurnBack
 .text.MultipleTasksCar_StopActionDelayed
                0x00003fd4      0x116 ./APP_DRIVER/MultipleTasksCar_Prg.o
                0x00003fd4                MultipleTasksCar_StopActionDelayed
 .text.main     0x000040ea       0x92 ./main.o
                0x000040ea                main
 .text.libgcc   0x0000417c       0x28 d:/embadedd system 2/03-sdk/winavr/bin/../lib/gcc/avr/4.3.3/avr5\libgcc.a(_udivmodhi4.o)
                0x0000417c                __udivmodhi4
 .text.libgcc   0x000041a4        0x0 d:/embadedd system 2/03-sdk/winavr/bin/../lib/gcc/avr/4.3.3/avr5\libgcc.a(_exit.o)
 .text.libgcc   0x000041a4        0x0 d:/embadedd system 2/03-sdk/winavr/bin/../lib/gcc/avr/4.3.3/avr5\libgcc.a(_copy_data.o)
 .text.libgcc   0x000041a4        0x0 d:/embadedd system 2/03-sdk/winavr/bin/../lib/gcc/avr/4.3.3/avr5\libgcc.a(_clear_bss.o)
 .text.libgcc   0x000041a4       0x38 d:/embadedd system 2/03-sdk/winavr/bin/../lib/gcc/avr/4.3.3/avr5\libgcc.a(_prologue.o)
                0x000041a4                __prologue_saves__
 .text.libgcc   0x000041dc       0x36 d:/embadedd system 2/03-sdk/winavr/bin/../lib/gcc/avr/4.3.3/avr5\libgcc.a(_epilogue.o)
                0x000041dc                __epilogue_restores__
                0x00004212                . = ALIGN (0x2)
 *(.fini9)
 .fini9         0x00004212        0x0 d:/embadedd system 2/03-sdk/winavr/bin/../lib/gcc/avr/4.3.3/avr5\libgcc.a(_exit.o)
                0x00004212                exit
                0x00004212                _exit
 *(.fini9)
 *(.fini8)
 *(.fini8)
 *(.fini7)
 *(.fini7)
 *(.fini6)
 *(.fini6)
 *(.fini5)
 *(.fini5)
 *(.fini4)
 *(.fini4)
 *(.fini3)
 *(.fini3)
 *(.fini2)
 *(.fini2)
 *(.fini1)
 *(.fini1)
 *(.fini0)
 .fini0         0x00004212        0x4 d:/embadedd system 2/03-sdk/winavr/bin/../lib/gcc/avr/4.3.3/avr5\libgcc.a(_exit.o)
 *(.fini0)
                0x00004216                _etext = .

.data           0x00800060      0x10c load address 0x00004216
                0x00800060                PROVIDE (__data_start, .)
 *(.data)
 .data          0x00800060        0x0 d:/embadedd system 2/03-sdk/winavr/bin/../lib/gcc/avr/4.3.3/../../../../avr/lib/avr5/crtm32.o
 .data          0x00800060        0x0 ./MCAL_DRIVERS/DIO_prg.o
 .data          0x00800060        0x0 ./MCAL_DRIVERS/EX_INT_prg.o
 .data          0x00800060        0x0 ./MCAL_DRIVERS/INTERRUPT_prg.o
 .data          0x00800060        0x0 ./MCAL_DRIVERS/TIMER_PRG.o
 .data          0x00800060        0x0 ./MCAL_DRIVERS/UART_Prg.o
 .data          0x00800060        0x0 ./HAL_DRIVERS/BlueTooth_prg.o
 .data          0x00800060        0x0 ./HAL_DRIVERS/DCMOTOR_PRG.o
 .data          0x00800060        0x0 ./HAL_DRIVERS/Servo_Prg.o
 .data          0x00800060        0x0 ./HAL_DRIVERS/UltraSonic_Prg.o
 .data          0x00800060        0x0 ./APP_DRIVER/MultipleTasksCar_Prg.o
 .data          0x00800060        0x0 ./main.o
 .data          0x00800060        0x0 d:/embadedd system 2/03-sdk/winavr/bin/../lib/gcc/avr/4.3.3/avr5\libgcc.a(_udivmodhi4.o)
 .data          0x00800060        0x0 d:/embadedd system 2/03-sdk/winavr/bin/../lib/gcc/avr/4.3.3/avr5\libgcc.a(_exit.o)
 .data          0x00800060        0x0 d:/embadedd system 2/03-sdk/winavr/bin/../lib/gcc/avr/4.3.3/avr5\libgcc.a(_copy_data.o)
 .data          0x00800060        0x0 d:/embadedd system 2/03-sdk/winavr/bin/../lib/gcc/avr/4.3.3/avr5\libgcc.a(_clear_bss.o)
 .data          0x00800060        0x0 d:/embadedd system 2/03-sdk/winavr/bin/../lib/gcc/avr/4.3.3/avr5\libgcc.a(_fixunssfsi.o)
 .data          0x00800060        0x0 d:/embadedd system 2/03-sdk/winavr/bin/../lib/gcc/avr/4.3.3/avr5\libgcc.a(_addsub_sf.o)
 .data          0x00800060        0x0 d:/embadedd system 2/03-sdk/winavr/bin/../lib/gcc/avr/4.3.3/avr5\libgcc.a(_mul_sf.o)
 .data          0x00800060        0x0 d:/embadedd system 2/03-sdk/winavr/bin/../lib/gcc/avr/4.3.3/avr5\libgcc.a(_div_sf.o)
 .data          0x00800060        0x0 d:/embadedd system 2/03-sdk/winavr/bin/../lib/gcc/avr/4.3.3/avr5\libgcc.a(_gt_sf.o)
 .data          0x00800060        0x0 d:/embadedd system 2/03-sdk/winavr/bin/../lib/gcc/avr/4.3.3/avr5\libgcc.a(_ge_sf.o)
 .data          0x00800060        0x0 d:/embadedd system 2/03-sdk/winavr/bin/../lib/gcc/avr/4.3.3/avr5\libgcc.a(_lt_sf.o)
 .data          0x00800060        0x0 d:/embadedd system 2/03-sdk/winavr/bin/../lib/gcc/avr/4.3.3/avr5\libgcc.a(_sf_to_si.o)
 .data          0x00800060        0x8 d:/embadedd system 2/03-sdk/winavr/bin/../lib/gcc/avr/4.3.3/avr5\libgcc.a(_thenan_sf.o)
                0x00800060                __thenan_sf
 .data          0x00800068        0x0 d:/embadedd system 2/03-sdk/winavr/bin/../lib/gcc/avr/4.3.3/avr5\libgcc.a(_usi_to_sf.o)
 .data          0x00800068        0x0 d:/embadedd system 2/03-sdk/winavr/bin/../lib/gcc/avr/4.3.3/avr5\libgcc.a(_prologue.o)
 .data          0x00800068        0x0 d:/embadedd system 2/03-sdk/winavr/bin/../lib/gcc/avr/4.3.3/avr5\libgcc.a(_epilogue.o)
 .data          0x00800068        0x0 d:/embadedd system 2/03-sdk/winavr/bin/../lib/gcc/avr/4.3.3/avr5\libgcc.a(_clzsi2.o)
 .data          0x00800068        0x0 d:/embadedd system 2/03-sdk/winavr/bin/../lib/gcc/avr/4.3.3/avr5\libgcc.a(_pack_sf.o)
 .data          0x00800068        0x0 d:/embadedd system 2/03-sdk/winavr/bin/../lib/gcc/avr/4.3.3/avr5\libgcc.a(_unpack_sf.o)
 .data          0x00800068        0x0 d:/embadedd system 2/03-sdk/winavr/bin/../lib/gcc/avr/4.3.3/avr5\libgcc.a(_fpcmp_parts_sf.o)
 .data          0x00800068      0x100 d:/embadedd system 2/03-sdk/winavr/bin/../lib/gcc/avr/4.3.3/avr5\libgcc.a(_clz.o)
                0x00800068                __clz_tab
 *(.data*)
 .data.INT0_SENSE
                0x00800168        0x1 ./MCAL_DRIVERS/EX_INT_prg.o
                0x00800168                INT0_SENSE
 .data.INT1_SENSE
                0x00800169        0x1 ./MCAL_DRIVERS/EX_INT_prg.o
                0x00800169                INT1_SENSE
 .data.INT2_SENSE
                0x0080016a        0x1 ./MCAL_DRIVERS/EX_INT_prg.o
                0x0080016a                INT2_SENSE
 *(.rodata)
 *(.rodata*)
 *(.gnu.linkonce.d*)
                0x0080016c                . = ALIGN (0x2)
 *fill*         0x0080016b        0x1 00
                0x0080016c                _edata = .
                0x0080016c                PROVIDE (__data_end, .)

.bss            0x0080016c       0x36
                0x0080016c                PROVIDE (__bss_start, .)
 *(.bss)
 .bss           0x0080016c        0x0 d:/embadedd system 2/03-sdk/winavr/bin/../lib/gcc/avr/4.3.3/../../../../avr/lib/avr5/crtm32.o
 .bss           0x0080016c        0x0 ./MCAL_DRIVERS/DIO_prg.o
 .bss           0x0080016c        0x0 ./MCAL_DRIVERS/EX_INT_prg.o
 .bss           0x0080016c        0x0 ./MCAL_DRIVERS/INTERRUPT_prg.o
 .bss           0x0080016c        0x0 ./MCAL_DRIVERS/TIMER_PRG.o
 .bss           0x0080016c        0x0 ./MCAL_DRIVERS/UART_Prg.o
 .bss           0x0080016c        0x0 ./HAL_DRIVERS/BlueTooth_prg.o
 .bss           0x0080016c        0x0 ./HAL_DRIVERS/DCMOTOR_PRG.o
 .bss           0x0080016c        0x0 ./HAL_DRIVERS/Servo_Prg.o
 .bss           0x0080016c        0x0 ./HAL_DRIVERS/UltraSonic_Prg.o
 .bss           0x0080016c        0x0 ./APP_DRIVER/MultipleTasksCar_Prg.o
 .bss           0x0080016c        0x0 ./main.o
 .bss           0x0080016c        0x0 d:/embadedd system 2/03-sdk/winavr/bin/../lib/gcc/avr/4.3.3/avr5\libgcc.a(_udivmodhi4.o)
 .bss           0x0080016c        0x0 d:/embadedd system 2/03-sdk/winavr/bin/../lib/gcc/avr/4.3.3/avr5\libgcc.a(_exit.o)
 .bss           0x0080016c        0x0 d:/embadedd system 2/03-sdk/winavr/bin/../lib/gcc/avr/4.3.3/avr5\libgcc.a(_copy_data.o)
 .bss           0x0080016c        0x0 d:/embadedd system 2/03-sdk/winavr/bin/../lib/gcc/avr/4.3.3/avr5\libgcc.a(_clear_bss.o)
 .bss           0x0080016c        0x0 d:/embadedd system 2/03-sdk/winavr/bin/../lib/gcc/avr/4.3.3/avr5\libgcc.a(_fixunssfsi.o)
 .bss           0x0080016c        0x0 d:/embadedd system 2/03-sdk/winavr/bin/../lib/gcc/avr/4.3.3/avr5\libgcc.a(_addsub_sf.o)
 .bss           0x0080016c        0x0 d:/embadedd system 2/03-sdk/winavr/bin/../lib/gcc/avr/4.3.3/avr5\libgcc.a(_mul_sf.o)
 .bss           0x0080016c        0x0 d:/embadedd system 2/03-sdk/winavr/bin/../lib/gcc/avr/4.3.3/avr5\libgcc.a(_div_sf.o)
 .bss           0x0080016c        0x0 d:/embadedd system 2/03-sdk/winavr/bin/../lib/gcc/avr/4.3.3/avr5\libgcc.a(_gt_sf.o)
 .bss           0x0080016c        0x0 d:/embadedd system 2/03-sdk/winavr/bin/../lib/gcc/avr/4.3.3/avr5\libgcc.a(_ge_sf.o)
 .bss           0x0080016c        0x0 d:/embadedd system 2/03-sdk/winavr/bin/../lib/gcc/avr/4.3.3/avr5\libgcc.a(_lt_sf.o)
 .bss           0x0080016c        0x0 d:/embadedd system 2/03-sdk/winavr/bin/../lib/gcc/avr/4.3.3/avr5\libgcc.a(_sf_to_si.o)
 .bss           0x0080016c        0x0 d:/embadedd system 2/03-sdk/winavr/bin/../lib/gcc/avr/4.3.3/avr5\libgcc.a(_thenan_sf.o)
 .bss           0x0080016c        0x0 d:/embadedd system 2/03-sdk/winavr/bin/../lib/gcc/avr/4.3.3/avr5\libgcc.a(_usi_to_sf.o)
 .bss           0x0080016c        0x0 d:/embadedd system 2/03-sdk/winavr/bin/../lib/gcc/avr/4.3.3/avr5\libgcc.a(_prologue.o)
 .bss           0x0080016c        0x0 d:/embadedd system 2/03-sdk/winavr/bin/../lib/gcc/avr/4.3.3/avr5\libgcc.a(_epilogue.o)
 .bss           0x0080016c        0x0 d:/embadedd system 2/03-sdk/winavr/bin/../lib/gcc/avr/4.3.3/avr5\libgcc.a(_clzsi2.o)
 .bss           0x0080016c        0x0 d:/embadedd system 2/03-sdk/winavr/bin/../lib/gcc/avr/4.3.3/avr5\libgcc.a(_pack_sf.o)
 .bss           0x0080016c        0x0 d:/embadedd system 2/03-sdk/winavr/bin/../lib/gcc/avr/4.3.3/avr5\libgcc.a(_unpack_sf.o)
 .bss           0x0080016c        0x0 d:/embadedd system 2/03-sdk/winavr/bin/../lib/gcc/avr/4.3.3/avr5\libgcc.a(_fpcmp_parts_sf.o)
 .bss           0x0080016c        0x0 d:/embadedd system 2/03-sdk/winavr/bin/../lib/gcc/avr/4.3.3/avr5\libgcc.a(_clz.o)
 *(.bss*)
 .bss.INT0_PFUNC
                0x0080016c        0x2 ./MCAL_DRIVERS/EX_INT_prg.o
 .bss.INT1_PFUNC
                0x0080016e        0x2 ./MCAL_DRIVERS/EX_INT_prg.o
 .bss.INT2_PFUNC
                0x00800170        0x2 ./MCAL_DRIVERS/EX_INT_prg.o
 .bss.TIMER0_PFUNC
                0x00800172        0x2 ./MCAL_DRIVERS/TIMER_PRG.o
 .bss.TIMER1_PFUNC
                0x00800174        0x2 ./MCAL_DRIVERS/TIMER_PRG.o
 .bss.TIMER2_PFUNC
                0x00800176        0x2 ./MCAL_DRIVERS/TIMER_PRG.o
 .bss.tick.1545
                0x00800178        0x2 ./MCAL_DRIVERS/TIMER_PRG.o
 .bss.Timer1_IcuCallBack
                0x0080017a        0x2 ./MCAL_DRIVERS/TIMER_PRG.o
 .bss.PRE_SCALAR_TIMER1
                0x0080017c        0x2 ./MCAL_DRIVERS/TIMER_PRG.o
 .bss.DESIRED_TIME_TIMER2
                0x0080017e        0x8 ./MCAL_DRIVERS/TIMER_PRG.o
 .bss.PRE_SCALAR_TIMER2
                0x00800186        0x2 ./MCAL_DRIVERS/TIMER_PRG.o
 .bss.T_OV_TIMER2
                0x00800188        0x4 ./MCAL_DRIVERS/TIMER_PRG.o
 .bss.NUM_OV_TIMER2
                0x0080018c        0x4 ./MCAL_DRIVERS/TIMER_PRG.o
 .bss.PRE_LOAD_TIMER2
                0x00800190        0x4 ./MCAL_DRIVERS/TIMER_PRG.o
 .bss.g_edgeCount
                0x00800194        0x1 ./HAL_DRIVERS/UltraSonic_Prg.o
 .bss.g_timeHigh
                0x00800195        0x2 ./HAL_DRIVERS/UltraSonic_Prg.o
 .bss.g_distance
                0x00800197        0x1 ./HAL_DRIVERS/UltraSonic_Prg.o
 .bss.distanceLeft.1471
                0x00800198        0x2 ./APP_DRIVER/MultipleTasksCar_Prg.o
 .bss.distanceRight.1470
                0x0080019a        0x2 ./APP_DRIVER/MultipleTasksCar_Prg.o
 .bss.distance.1469
                0x0080019c        0x2 ./APP_DRIVER/MultipleTasksCar_Prg.o
 .bss.ActualPoint.1562
                0x0080019e        0x2 ./APP_DRIVER/MultipleTasksCar_Prg.o
 .bss.TargerPoint.1561
                0x008001a0        0x2 ./APP_DRIVER/MultipleTasksCar_Prg.o
 *(COMMON)
                0x008001a2                PROVIDE (__bss_end, .)
                0x00004216                __data_load_start = LOADADDR (.data)
                0x00004322                __data_load_end = (__data_load_start + SIZEOF (.data))

.noinit         0x008001a2        0x0
                0x008001a2                PROVIDE (__noinit_start, .)
 *(.noinit*)
                0x008001a2                PROVIDE (__noinit_end, .)
                0x008001a2                _end = .
                0x008001a2                PROVIDE (__heap_start, .)

.eeprom         0x00810000        0x0
 *(.eeprom*)
                0x00810000                __eeprom_end = .

.fuse
 *(.fuse)
 *(.lfuse)
 *(.hfuse)
 *(.efuse)

.lock
 *(.lock*)

.signature
 *(.signature*)

.stab           0x00000000     0x435c
 *(.stab)
 .stab          0x00000000      0x510 ./MCAL_DRIVERS/DIO_prg.o
 .stab          0x00000510      0x63c ./MCAL_DRIVERS/EX_INT_prg.o
                                0x648 (size before relaxing)
 .stab          0x00000b4c      0x144 ./MCAL_DRIVERS/INTERRUPT_prg.o
                                0x1e0 (size before relaxing)
 .stab          0x00000c90      0x828 ./MCAL_DRIVERS/TIMER_PRG.o
                                0x8d0 (size before relaxing)
 .stab          0x000014b8      0x4bc ./MCAL_DRIVERS/UART_Prg.o
                                0x558 (size before relaxing)
 .stab          0x00001974      0x264 ./HAL_DRIVERS/BlueTooth_prg.o
                                0x270 (size before relaxing)
 .stab          0x00001bd8      0x324 ./HAL_DRIVERS/DCMOTOR_PRG.o
                                0x4bc (size before relaxing)
 .stab          0x00001efc      0x45c ./HAL_DRIVERS/Servo_Prg.o
                                0x690 (size before relaxing)
 .stab          0x00002358      0x42c ./HAL_DRIVERS/UltraSonic_Prg.o
                                0x654 (size before relaxing)
 .stab          0x00002784     0x19c8 ./APP_DRIVER/MultipleTasksCar_Prg.o
                               0x1b6c (size before relaxing)
 .stab          0x0000414c      0x210 ./main.o
                                0x444 (size before relaxing)

.stabstr        0x00000000     0x188a
 *(.stabstr)
 .stabstr       0x00000000     0x188a ./MCAL_DRIVERS/DIO_prg.o

.stab.excl
 *(.stab.excl)

.stab.exclstr
 *(.stab.exclstr)

.stab.index
 *(.stab.index)

.stab.indexstr
 *(.stab.indexstr)

.comment
 *(.comment)

.debug
 *(.debug)

.line
 *(.line)

.debug_srcinfo
 *(.debug_srcinfo)

.debug_sfnames
 *(.debug_sfnames)

.debug_aranges  0x00000000      0x1a0
 *(.debug_aranges)
 .debug_aranges
                0x00000000       0x20 d:/embadedd system 2/03-sdk/winavr/bin/../lib/gcc/avr/4.3.3/avr5\libgcc.a(_fixunssfsi.o)
 .debug_aranges
                0x00000020       0x20 d:/embadedd system 2/03-sdk/winavr/bin/../lib/gcc/avr/4.3.3/avr5\libgcc.a(_addsub_sf.o)
 .debug_aranges
                0x00000040       0x20 d:/embadedd system 2/03-sdk/winavr/bin/../lib/gcc/avr/4.3.3/avr5\libgcc.a(_mul_sf.o)
 .debug_aranges
                0x00000060       0x20 d:/embadedd system 2/03-sdk/winavr/bin/../lib/gcc/avr/4.3.3/avr5\libgcc.a(_div_sf.o)
 .debug_aranges
                0x00000080       0x20 d:/embadedd system 2/03-sdk/winavr/bin/../lib/gcc/avr/4.3.3/avr5\libgcc.a(_gt_sf.o)
 .debug_aranges
                0x000000a0       0x20 d:/embadedd system 2/03-sdk/winavr/bin/../lib/gcc/avr/4.3.3/avr5\libgcc.a(_ge_sf.o)
 .debug_aranges
                0x000000c0       0x20 d:/embadedd system 2/03-sdk/winavr/bin/../lib/gcc/avr/4.3.3/avr5\libgcc.a(_lt_sf.o)
 .debug_aranges
                0x000000e0       0x20 d:/embadedd system 2/03-sdk/winavr/bin/../lib/gcc/avr/4.3.3/avr5\libgcc.a(_sf_to_si.o)
 .debug_aranges
                0x00000100       0x20 d:/embadedd system 2/03-sdk/winavr/bin/../lib/gcc/avr/4.3.3/avr5\libgcc.a(_usi_to_sf.o)
 .debug_aranges
                0x00000120       0x20 d:/embadedd system 2/03-sdk/winavr/bin/../lib/gcc/avr/4.3.3/avr5\libgcc.a(_clzsi2.o)
 .debug_aranges
                0x00000140       0x20 d:/embadedd system 2/03-sdk/winavr/bin/../lib/gcc/avr/4.3.3/avr5\libgcc.a(_pack_sf.o)
 .debug_aranges
                0x00000160       0x20 d:/embadedd system 2/03-sdk/winavr/bin/../lib/gcc/avr/4.3.3/avr5\libgcc.a(_unpack_sf.o)
 .debug_aranges
                0x00000180       0x20 d:/embadedd system 2/03-sdk/winavr/bin/../lib/gcc/avr/4.3.3/avr5\libgcc.a(_fpcmp_parts_sf.o)

.debug_pubnames
                0x00000000      0x1f2
 *(.debug_pubnames)
 .debug_pubnames
                0x00000000       0x23 d:/embadedd system 2/03-sdk/winavr/bin/../lib/gcc/avr/4.3.3/avr5\libgcc.a(_fixunssfsi.o)
 .debug_pubnames
                0x00000023       0x2c d:/embadedd system 2/03-sdk/winavr/bin/../lib/gcc/avr/4.3.3/avr5\libgcc.a(_addsub_sf.o)
 .debug_pubnames
                0x0000004f       0x1f d:/embadedd system 2/03-sdk/winavr/bin/../lib/gcc/avr/4.3.3/avr5\libgcc.a(_mul_sf.o)
 .debug_pubnames
                0x0000006e       0x1f d:/embadedd system 2/03-sdk/winavr/bin/../lib/gcc/avr/4.3.3/avr5\libgcc.a(_div_sf.o)
 .debug_pubnames
                0x0000008d       0x1e d:/embadedd system 2/03-sdk/winavr/bin/../lib/gcc/avr/4.3.3/avr5\libgcc.a(_gt_sf.o)
 .debug_pubnames
                0x000000ab       0x1e d:/embadedd system 2/03-sdk/winavr/bin/../lib/gcc/avr/4.3.3/avr5\libgcc.a(_ge_sf.o)
 .debug_pubnames
                0x000000c9       0x1e d:/embadedd system 2/03-sdk/winavr/bin/../lib/gcc/avr/4.3.3/avr5\libgcc.a(_lt_sf.o)
 .debug_pubnames
                0x000000e7       0x20 d:/embadedd system 2/03-sdk/winavr/bin/../lib/gcc/avr/4.3.3/avr5\libgcc.a(_sf_to_si.o)
 .debug_pubnames
                0x00000107       0x22 d:/embadedd system 2/03-sdk/winavr/bin/../lib/gcc/avr/4.3.3/avr5\libgcc.a(_thenan_sf.o)
 .debug_pubnames
                0x00000129       0x24 d:/embadedd system 2/03-sdk/winavr/bin/../lib/gcc/avr/4.3.3/avr5\libgcc.a(_usi_to_sf.o)
 .debug_pubnames
                0x0000014d       0x1f d:/embadedd system 2/03-sdk/winavr/bin/../lib/gcc/avr/4.3.3/avr5\libgcc.a(_clzsi2.o)
 .debug_pubnames
                0x0000016c       0x1f d:/embadedd system 2/03-sdk/winavr/bin/../lib/gcc/avr/4.3.3/avr5\libgcc.a(_pack_sf.o)
 .debug_pubnames
                0x0000018b       0x21 d:/embadedd system 2/03-sdk/winavr/bin/../lib/gcc/avr/4.3.3/avr5\libgcc.a(_unpack_sf.o)
 .debug_pubnames
                0x000001ac       0x26 d:/embadedd system 2/03-sdk/winavr/bin/../lib/gcc/avr/4.3.3/avr5\libgcc.a(_fpcmp_parts_sf.o)
 .debug_pubnames
                0x000001d2       0x20 d:/embadedd system 2/03-sdk/winavr/bin/../lib/gcc/avr/4.3.3/avr5\libgcc.a(_clz.o)

.debug_info     0x00000000     0x240b
 *(.debug_info)
 .debug_info    0x00000000       0xb1 d:/embadedd system 2/03-sdk/winavr/bin/../lib/gcc/avr/4.3.3/avr5\libgcc.a(_fixunssfsi.o)
 .debug_info    0x000000b1      0x47a d:/embadedd system 2/03-sdk/winavr/bin/../lib/gcc/avr/4.3.3/avr5\libgcc.a(_addsub_sf.o)
 .debug_info    0x0000052b      0x485 d:/embadedd system 2/03-sdk/winavr/bin/../lib/gcc/avr/4.3.3/avr5\libgcc.a(_mul_sf.o)
 .debug_info    0x000009b0      0x3fc d:/embadedd system 2/03-sdk/winavr/bin/../lib/gcc/avr/4.3.3/avr5\libgcc.a(_div_sf.o)
 .debug_info    0x00000dac      0x27f d:/embadedd system 2/03-sdk/winavr/bin/../lib/gcc/avr/4.3.3/avr5\libgcc.a(_gt_sf.o)
 .debug_info    0x0000102b      0x27f d:/embadedd system 2/03-sdk/winavr/bin/../lib/gcc/avr/4.3.3/avr5\libgcc.a(_ge_sf.o)
 .debug_info    0x000012aa      0x27f d:/embadedd system 2/03-sdk/winavr/bin/../lib/gcc/avr/4.3.3/avr5\libgcc.a(_lt_sf.o)
 .debug_info    0x00001529      0x2b0 d:/embadedd system 2/03-sdk/winavr/bin/../lib/gcc/avr/4.3.3/avr5\libgcc.a(_sf_to_si.o)
 .debug_info    0x000017d9      0x12c d:/embadedd system 2/03-sdk/winavr/bin/../lib/gcc/avr/4.3.3/avr5\libgcc.a(_thenan_sf.o)
 .debug_info    0x00001905      0x206 d:/embadedd system 2/03-sdk/winavr/bin/../lib/gcc/avr/4.3.3/avr5\libgcc.a(_usi_to_sf.o)
 .debug_info    0x00001b0b      0x117 d:/embadedd system 2/03-sdk/winavr/bin/../lib/gcc/avr/4.3.3/avr5\libgcc.a(_clzsi2.o)
 .debug_info    0x00001c22      0x2df d:/embadedd system 2/03-sdk/winavr/bin/../lib/gcc/avr/4.3.3/avr5\libgcc.a(_pack_sf.o)
 .debug_info    0x00001f01      0x251 d:/embadedd system 2/03-sdk/winavr/bin/../lib/gcc/avr/4.3.3/avr5\libgcc.a(_unpack_sf.o)
 .debug_info    0x00002152      0x210 d:/embadedd system 2/03-sdk/winavr/bin/../lib/gcc/avr/4.3.3/avr5\libgcc.a(_fpcmp_parts_sf.o)
 .debug_info    0x00002362       0xa9 d:/embadedd system 2/03-sdk/winavr/bin/../lib/gcc/avr/4.3.3/avr5\libgcc.a(_clz.o)
 *(.gnu.linkonce.wi.*)

.debug_abbrev   0x00000000     0x1386
 *(.debug_abbrev)
 .debug_abbrev  0x00000000       0x5d d:/embadedd system 2/03-sdk/winavr/bin/../lib/gcc/avr/4.3.3/avr5\libgcc.a(_fixunssfsi.o)
 .debug_abbrev  0x0000005d      0x1ea d:/embadedd system 2/03-sdk/winavr/bin/../lib/gcc/avr/4.3.3/avr5\libgcc.a(_addsub_sf.o)
 .debug_abbrev  0x00000247      0x21b d:/embadedd system 2/03-sdk/winavr/bin/../lib/gcc/avr/4.3.3/avr5\libgcc.a(_mul_sf.o)
 .debug_abbrev  0x00000462      0x216 d:/embadedd system 2/03-sdk/winavr/bin/../lib/gcc/avr/4.3.3/avr5\libgcc.a(_div_sf.o)
 .debug_abbrev  0x00000678      0x15a d:/embadedd system 2/03-sdk/winavr/bin/../lib/gcc/avr/4.3.3/avr5\libgcc.a(_gt_sf.o)
 .debug_abbrev  0x000007d2      0x15a d:/embadedd system 2/03-sdk/winavr/bin/../lib/gcc/avr/4.3.3/avr5\libgcc.a(_ge_sf.o)
 .debug_abbrev  0x0000092c      0x15a d:/embadedd system 2/03-sdk/winavr/bin/../lib/gcc/avr/4.3.3/avr5\libgcc.a(_lt_sf.o)
 .debug_abbrev  0x00000a86      0x17f d:/embadedd system 2/03-sdk/winavr/bin/../lib/gcc/avr/4.3.3/avr5\libgcc.a(_sf_to_si.o)
 .debug_abbrev  0x00000c05       0xad d:/embadedd system 2/03-sdk/winavr/bin/../lib/gcc/avr/4.3.3/avr5\libgcc.a(_thenan_sf.o)
 .debug_abbrev  0x00000cb2      0x157 d:/embadedd system 2/03-sdk/winavr/bin/../lib/gcc/avr/4.3.3/avr5\libgcc.a(_usi_to_sf.o)
 .debug_abbrev  0x00000e09       0xc4 d:/embadedd system 2/03-sdk/winavr/bin/../lib/gcc/avr/4.3.3/avr5\libgcc.a(_clzsi2.o)
 .debug_abbrev  0x00000ecd      0x1c0 d:/embadedd system 2/03-sdk/winavr/bin/../lib/gcc/avr/4.3.3/avr5\libgcc.a(_pack_sf.o)
 .debug_abbrev  0x0000108d      0x154 d:/embadedd system 2/03-sdk/winavr/bin/../lib/gcc/avr/4.3.3/avr5\libgcc.a(_unpack_sf.o)
 .debug_abbrev  0x000011e1      0x13b d:/embadedd system 2/03-sdk/winavr/bin/../lib/gcc/avr/4.3.3/avr5\libgcc.a(_fpcmp_parts_sf.o)
 .debug_abbrev  0x0000131c       0x6a d:/embadedd system 2/03-sdk/winavr/bin/../lib/gcc/avr/4.3.3/avr5\libgcc.a(_clz.o)

.debug_line     0x00000000     0x11d6
 *(.debug_line)
 .debug_line    0x00000000       0xa7 d:/embadedd system 2/03-sdk/winavr/bin/../lib/gcc/avr/4.3.3/avr5\libgcc.a(_fixunssfsi.o)
 .debug_line    0x000000a7      0x2af d:/embadedd system 2/03-sdk/winavr/bin/../lib/gcc/avr/4.3.3/avr5\libgcc.a(_addsub_sf.o)
 .debug_line    0x00000356      0x239 d:/embadedd system 2/03-sdk/winavr/bin/../lib/gcc/avr/4.3.3/avr5\libgcc.a(_mul_sf.o)
 .debug_line    0x0000058f      0x1d5 d:/embadedd system 2/03-sdk/winavr/bin/../lib/gcc/avr/4.3.3/avr5\libgcc.a(_div_sf.o)
 .debug_line    0x00000764       0xd3 d:/embadedd system 2/03-sdk/winavr/bin/../lib/gcc/avr/4.3.3/avr5\libgcc.a(_gt_sf.o)
 .debug_line    0x00000837       0xd3 d:/embadedd system 2/03-sdk/winavr/bin/../lib/gcc/avr/4.3.3/avr5\libgcc.a(_ge_sf.o)
 .debug_line    0x0000090a       0xd3 d:/embadedd system 2/03-sdk/winavr/bin/../lib/gcc/avr/4.3.3/avr5\libgcc.a(_lt_sf.o)
 .debug_line    0x000009dd      0x109 d:/embadedd system 2/03-sdk/winavr/bin/../lib/gcc/avr/4.3.3/avr5\libgcc.a(_sf_to_si.o)
 .debug_line    0x00000ae6       0x90 d:/embadedd system 2/03-sdk/winavr/bin/../lib/gcc/avr/4.3.3/avr5\libgcc.a(_thenan_sf.o)
 .debug_line    0x00000b76      0x133 d:/embadedd system 2/03-sdk/winavr/bin/../lib/gcc/avr/4.3.3/avr5\libgcc.a(_usi_to_sf.o)
 .debug_line    0x00000ca9       0xa5 d:/embadedd system 2/03-sdk/winavr/bin/../lib/gcc/avr/4.3.3/avr5\libgcc.a(_clzsi2.o)
 .debug_line    0x00000d4e      0x18a d:/embadedd system 2/03-sdk/winavr/bin/../lib/gcc/avr/4.3.3/avr5\libgcc.a(_pack_sf.o)
 .debug_line    0x00000ed8      0x14b d:/embadedd system 2/03-sdk/winavr/bin/../lib/gcc/avr/4.3.3/avr5\libgcc.a(_unpack_sf.o)
 .debug_line    0x00001023      0x137 d:/embadedd system 2/03-sdk/winavr/bin/../lib/gcc/avr/4.3.3/avr5\libgcc.a(_fpcmp_parts_sf.o)
 .debug_line    0x0000115a       0x7c d:/embadedd system 2/03-sdk/winavr/bin/../lib/gcc/avr/4.3.3/avr5\libgcc.a(_clz.o)

.debug_frame    0x00000000      0x1c0
 *(.debug_frame)
 .debug_frame   0x00000000       0x20 d:/embadedd system 2/03-sdk/winavr/bin/../lib/gcc/avr/4.3.3/avr5\libgcc.a(_fixunssfsi.o)
 .debug_frame   0x00000020       0x40 d:/embadedd system 2/03-sdk/winavr/bin/../lib/gcc/avr/4.3.3/avr5\libgcc.a(_addsub_sf.o)
 .debug_frame   0x00000060       0x20 d:/embadedd system 2/03-sdk/winavr/bin/../lib/gcc/avr/4.3.3/avr5\libgcc.a(_mul_sf.o)
 .debug_frame   0x00000080       0x20 d:/embadedd system 2/03-sdk/winavr/bin/../lib/gcc/avr/4.3.3/avr5\libgcc.a(_div_sf.o)
 .debug_frame   0x000000a0       0x20 d:/embadedd system 2/03-sdk/winavr/bin/../lib/gcc/avr/4.3.3/avr5\libgcc.a(_gt_sf.o)
 .debug_frame   0x000000c0       0x20 d:/embadedd system 2/03-sdk/winavr/bin/../lib/gcc/avr/4.3.3/avr5\libgcc.a(_ge_sf.o)
 .debug_frame   0x000000e0       0x20 d:/embadedd system 2/03-sdk/winavr/bin/../lib/gcc/avr/4.3.3/avr5\libgcc.a(_lt_sf.o)
 .debug_frame   0x00000100       0x20 d:/embadedd system 2/03-sdk/winavr/bin/../lib/gcc/avr/4.3.3/avr5\libgcc.a(_sf_to_si.o)
 .debug_frame   0x00000120       0x20 d:/embadedd system 2/03-sdk/winavr/bin/../lib/gcc/avr/4.3.3/avr5\libgcc.a(_usi_to_sf.o)
 .debug_frame   0x00000140       0x20 d:/embadedd system 2/03-sdk/winavr/bin/../lib/gcc/avr/4.3.3/avr5\libgcc.a(_clzsi2.o)
 .debug_frame   0x00000160       0x20 d:/embadedd system 2/03-sdk/winavr/bin/../lib/gcc/avr/4.3.3/avr5\libgcc.a(_pack_sf.o)
 .debug_frame   0x00000180       0x20 d:/embadedd system 2/03-sdk/winavr/bin/../lib/gcc/avr/4.3.3/avr5\libgcc.a(_unpack_sf.o)
 .debug_frame   0x000001a0       0x20 d:/embadedd system 2/03-sdk/winavr/bin/../lib/gcc/avr/4.3.3/avr5\libgcc.a(_fpcmp_parts_sf.o)

.debug_str      0x00000000      0x2f6
 *(.debug_str)
 .debug_str     0x00000000       0xbf d:/embadedd system 2/03-sdk/winavr/bin/../lib/gcc/avr/4.3.3/avr5\libgcc.a(_fixunssfsi.o)
                                 0xfe (size before relaxing)
 .debug_str     0x000000bf      0x14d d:/embadedd system 2/03-sdk/winavr/bin/../lib/gcc/avr/4.3.3/avr5\libgcc.a(_addsub_sf.o)
                                0x206 (size before relaxing)
 .debug_str     0x0000020c       0x27 d:/embadedd system 2/03-sdk/winavr/bin/../lib/gcc/avr/4.3.3/avr5\libgcc.a(_mul_sf.o)
                                0x1bf (size before relaxing)
 .debug_str     0x00000233       0x35 d:/embadedd system 2/03-sdk/winavr/bin/../lib/gcc/avr/4.3.3/avr5\libgcc.a(_div_sf.o)
                                0x1c8 (size before relaxing)
 .debug_str     0x00000268        0x8 d:/embadedd system 2/03-sdk/winavr/bin/../lib/gcc/avr/4.3.3/avr5\libgcc.a(_gt_sf.o)
                                0x195 (size before relaxing)
 .debug_str     0x00000270        0x8 d:/embadedd system 2/03-sdk/winavr/bin/../lib/gcc/avr/4.3.3/avr5\libgcc.a(_ge_sf.o)
                                0x195 (size before relaxing)
 .debug_str     0x00000278        0x8 d:/embadedd system 2/03-sdk/winavr/bin/../lib/gcc/avr/4.3.3/avr5\libgcc.a(_lt_sf.o)
                                0x195 (size before relaxing)
 .debug_str     0x00000280        0xa d:/embadedd system 2/03-sdk/winavr/bin/../lib/gcc/avr/4.3.3/avr5\libgcc.a(_sf_to_si.o)
                                0x19e (size before relaxing)
 .debug_str     0x00000000      0x103 d:/embadedd system 2/03-sdk/winavr/bin/../lib/gcc/avr/4.3.3/avr5\libgcc.a(_thenan_sf.o)
 .debug_str     0x0000028a       0x21 d:/embadedd system 2/03-sdk/winavr/bin/../lib/gcc/avr/4.3.3/avr5\libgcc.a(_usi_to_sf.o)
                                0x177 (size before relaxing)
 .debug_str     0x000002ab       0x20 d:/embadedd system 2/03-sdk/winavr/bin/../lib/gcc/avr/4.3.3/avr5\libgcc.a(_clzsi2.o)
                                0x111 (size before relaxing)
 .debug_str     0x000002cb       0x10 d:/embadedd system 2/03-sdk/winavr/bin/../lib/gcc/avr/4.3.3/avr5\libgcc.a(_pack_sf.o)
                                0x19d (size before relaxing)
 .debug_str     0x000002db        0xb d:/embadedd system 2/03-sdk/winavr/bin/../lib/gcc/avr/4.3.3/avr5\libgcc.a(_unpack_sf.o)
                                0x17f (size before relaxing)
 .debug_str     0x000002e6       0x10 d:/embadedd system 2/03-sdk/winavr/bin/../lib/gcc/avr/4.3.3/avr5\libgcc.a(_fpcmp_parts_sf.o)
                                0x163 (size before relaxing)
 .debug_str     0x00000000       0xf4 d:/embadedd system 2/03-sdk/winavr/bin/../lib/gcc/avr/4.3.3/avr5\libgcc.a(_clz.o)

.debug_loc      0x00000000      0x96e
 *(.debug_loc)
 .debug_loc     0x00000000       0x34 d:/embadedd system 2/03-sdk/winavr/bin/../lib/gcc/avr/4.3.3/avr5\libgcc.a(_fixunssfsi.o)
 .debug_loc     0x00000034      0x32a d:/embadedd system 2/03-sdk/winavr/bin/../lib/gcc/avr/4.3.3/avr5\libgcc.a(_addsub_sf.o)
 .debug_loc     0x0000035e      0x104 d:/embadedd system 2/03-sdk/winavr/bin/../lib/gcc/avr/4.3.3/avr5\libgcc.a(_mul_sf.o)
 .debug_loc     0x00000462       0xc0 d:/embadedd system 2/03-sdk/winavr/bin/../lib/gcc/avr/4.3.3/avr5\libgcc.a(_div_sf.o)
 .debug_loc     0x00000522       0x3c d:/embadedd system 2/03-sdk/winavr/bin/../lib/gcc/avr/4.3.3/avr5\libgcc.a(_gt_sf.o)
 .debug_loc     0x0000055e       0x3c d:/embadedd system 2/03-sdk/winavr/bin/../lib/gcc/avr/4.3.3/avr5\libgcc.a(_ge_sf.o)
 .debug_loc     0x0000059a       0x3c d:/embadedd system 2/03-sdk/winavr/bin/../lib/gcc/avr/4.3.3/avr5\libgcc.a(_lt_sf.o)
 .debug_loc     0x000005d6       0x7e d:/embadedd system 2/03-sdk/winavr/bin/../lib/gcc/avr/4.3.3/avr5\libgcc.a(_sf_to_si.o)
 .debug_loc     0x00000654       0x4c d:/embadedd system 2/03-sdk/winavr/bin/../lib/gcc/avr/4.3.3/avr5\libgcc.a(_usi_to_sf.o)
 .debug_loc     0x000006a0       0x94 d:/embadedd system 2/03-sdk/winavr/bin/../lib/gcc/avr/4.3.3/avr5\libgcc.a(_clzsi2.o)
 .debug_loc     0x00000734      0x13e d:/embadedd system 2/03-sdk/winavr/bin/../lib/gcc/avr/4.3.3/avr5\libgcc.a(_pack_sf.o)
 .debug_loc     0x00000872       0xac d:/embadedd system 2/03-sdk/winavr/bin/../lib/gcc/avr/4.3.3/avr5\libgcc.a(_unpack_sf.o)
 .debug_loc     0x0000091e       0x50 d:/embadedd system 2/03-sdk/winavr/bin/../lib/gcc/avr/4.3.3/avr5\libgcc.a(_fpcmp_parts_sf.o)

.debug_macinfo
 *(.debug_macinfo)
OUTPUT(MultipleTasksCar.elf elf32-avr)
LOAD linker stubs

.debug_ranges   0x00000000       0x50
 .debug_ranges  0x00000000       0x50 d:/embadedd system 2/03-sdk/winavr/bin/../lib/gcc/avr/4.3.3/avr5\libgcc.a(_mul_sf.o)
